[www.scullcom.uk/index.html]
[backblue.gif]
[fade.gif]
[index.html]
[www.scullcom.uk/feed/index.html]
[www.scullcom.uk/comments/feed/index.html]
[www.scullcom.uk/xmlrpc0db0.php]
[www.scullcom.uk/wp-json/index.html]
[www.scullcom.uk/wp-includes/wlwmanifest.xml]
[www.scullcom.uk/wp-content/uploads/fbrfg/apple-touch-icon-57x57.png]
[www.scullcom.uk/wp-content/uploads/fbrfg/apple-touch-icon-60x60.png]
[www.scullcom.uk/wp-content/uploads/fbrfg/apple-touch-icon-72x72.png]
[www.scullcom.uk/wp-content/uploads/fbrfg/apple-touch-icon-76x76.png]
[www.scullcom.uk/wp-content/uploads/fbrfg/apple-touch-icon-114x114.png]
[www.scullcom.uk/wp-content/uploads/fbrfg/apple-touch-icon-120x120.png]
[www.scullcom.uk/wp-content/uploads/fbrfg/apple-touch-icon-144x144.png]
[www.scullcom.uk/wp-content/uploads/fbrfg/apple-touch-icon-152x152.png]
[www.scullcom.uk/wp-content/uploads/fbrfg/apple-touch-icon-180x180.png]
[www.scullcom.uk/wp-content/uploads/fbrfg/favicon-32x32.png]
[www.scullcom.uk/wp-content/uploads/fbrfg/favicon-194x194.png]
[www.scullcom.uk/wp-content/uploads/fbrfg/favicon-96x96.png]
[www.scullcom.uk/wp-content/uploads/fbrfg/android-chrome-192x192.png]
[www.scullcom.uk/wp-content/uploads/fbrfg/favicon-16x16.png]
[www.scullcom.uk/wp-content/uploads/fbrfg/manifest.json]
[www.scullcom.uk/wp-content/uploads/fbrfg/favicon.ico]
[www.scullcom.uk/wp-content/uploads/2016/03/logo_grey2.png]
[www.scullcom.uk/wp-content/uploads/2018/08/function_generatior_mk2.jpg]
[www.scullcom.uk/wp-content/uploads/2018/01/dc_voltage_calibrator.jpg]
[www.scullcom.uk/category/projects/index.html]
[www.scullcom.uk/category/projects/5-volt-precision-reference/index.html]
[www.scullcom.uk/category/projects/constant-current-source-box/index.html]
[www.scullcom.uk/wp-content/uploads/2018/01/zx_80.jpg]
[www.scullcom.uk/category/projects/dc-load/index.html]
[www.scullcom.uk/category/projects/dc-voltage-calibrator/index.html]
[www.scullcom.uk/wp-content/uploads/2016/12/dcload_p1.jpg]
[www.scullcom.uk/category/projects/diy-pcb-exposure-unit/index.html]
[www.scullcom.uk/wp-content/uploads/2016/12/millivolt_p2.jpg]
[www.scullcom.uk/category/projects/frequency-reference/index.html]
[www.scullcom.uk/category/projects/function-generator/index.html]
[www.scullcom.uk/wp-content/uploads/2016/12/dcload_p1-750x410.jpg]
[www.scullcom.uk/category/projects/function-generator-mk2/index.html]
[apis.google.com/js/plusone.js]
[www.scullcom.uk/category/projects/gps-system/index.html]
[www.scullcom.uk/wp-login.html]
[www.scullcom.uk/category/projects/led-floodlight/index.html]
[www.scullcom.uk/category/projects/low-current-reference/index.html]
[www.scullcom.uk/category/projects/milliohm-meter/index.html]
[www.scullcom.uk/category/projects/millivolt-meter/index.html]
[www.scullcom.uk/category/projects/precision-voltage-reference-box/index.html]
[www.scullcom.uk/category/projects/stair-step-waveform-generator/index.html]
[www.scullcom.uk/category/projects/pulse-generator/index.html]
[www.scullcom.uk/category/reviews/index.html]
[www.scullcom.uk/category/teardowns/index.html]
[www.scullcom.uk/category/tutorials/index.html]
[www.scullcom.uk/category/basics/index.html]
[www.scullcom.uk/index.html]
[www.scullcom.uk/category/basics/resistor/index.html]
[www.scullcom.uk/category/basics/capacitor/index.html]
[www.scullcom.uk/category/basics/inductor/index.html]
[www.scullcom.uk/category/basics/diode/index.html]
[www.scullcom.uk/category/basics/opto/index.html]
[www.scullcom.uk/wp-content/plugins/accesspress-social-share/css/fonts/fontawesome-webfont3e6e.eot]
[www.scullcom.uk/wp-content/cache/wpfc-minified/3e205819a701abf22bbbcd3d6e10bce1/1515861099index.css]
[www.scullcom.uk/category/basics/op-amp/index.html]
[www.scullcom.uk/category/basics/transistor/index.html]
[www.scullcom.uk/category/basics/logic-gates/index.html]
[www.scullcom.uk/category/basics/filters/index.html]
[www.scullcom.uk/category/basics/fuses/index.html]
[www.scullcom.uk/category/basics/sensors/index.html]
[www.scullcom.uk/wp-content/plugins/accesspress-social-share/fonts/MyriadPro-Regulard41d.eot]
[www.scullcom.uk/category/basics/batteries/index.html]
[www.scullcom.uk/category/basics/transformer/index.html]
[www.scullcom.uk/wp-content/plugins/accesspress-social-share/fonts/MyriadPro-Regular.woff]
[www.scullcom.uk/category/basics/antenna/index.html]
[www.scullcom.uk/about/index.html]
[www.scullcom.uk/wp-content/plugins/accesspress-social-share/images/arrow.png]
[www.scullcom.uk/function-generator-mk2/index.html]
[www.scullcom.uk/wp-content/plugins/accesspress-social-share/images/left-arrow.png]
[www.scullcom.uk/dc-voltage-calibrator/index.html]
[www.scullcom.uk/wp-content/themes/sparkling/assets/fonts/glyphicons-halflings-regular.eot]
[www.scullcom.uk/wp-content/cache/wpfc-minified/1d2f8823bbca885d3810d6a740aa4110/1515861099index.css]
[www.scullcom.uk/build-a-sinclair-zx80-clone/index.html]
[www.scullcom.uk/wp-content/cache/wpfc-minified/e1e1431f40d6105ac1b4de8e931d3a2f/1515861098index.css]
[www.scullcom.uk/millivolt-meter-mk2/index.html]
[www.scullcom.uk/design-build-an-electronic-dc-load-part-1/index.html]
[www.scullcom.uk/author/louis/index.html]
[www.scullcom.uk/author/admin/index.html]
[www.scullcom.uk/Popover requires tooltip.js]
[www.scullcom.uk/milliohm-meter-update/index.html]
[www.scullcom.uk/design-build-a-pulse-generator-part-1/index.html]
[www.scullcom.uk/wp-content/cache/wpfc-minified/7477c1eecc21a1313e4f68e38cc5df6d/1518483267index.js]
[www.scullcom.uk/design-build-a-stair-step-waveform-generator/index.html]
[www.scullcom.uk/design-build-a-low-current-reference-source/index.html]
[www.scullcom.uk/wp-content/uploads/fbrfg/safari-pinned-tab.svg]
[www.scullcom.uk/design-build-a-gps-locked-frequency-standard-part-4/index.html]
[www.scullcom.uk/page/2/index.html]
[www.scullcom.uk/page/5/index.html]
[www.scullcom.uk/category/uncategorised/index.html]
[www.scullcom.uk/category/projects/index.html]
[www.scullcom.uk/category/projects/5-volt-precision-reference/index.html]
[www.scullcom.uk/category/projects/zx80/index.html]
[www.scullcom.uk/2017/12/index.html]
[www.scullcom.uk/2018/08/index.html]
[www.scullcom.uk/category/projects/constant-current-source-box/index.html]
[www.scullcom.uk/2017/06/index.html]
[www.scullcom.uk/2016/12/index.html]
[www.scullcom.uk/category/projects/dc-load/index.html]
[www.scullcom.uk/2016/11/index.html]
[www.scullcom.uk/2016/09/index.html]
[www.scullcom.uk/category/projects/dc-voltage-calibrator/index.html]
[www.scullcom.uk/2016/06/index.html]
[www.scullcom.uk/category/projects/diy-pcb-exposure-unit/index.html]
[www.scullcom.uk/2016/05/index.html]
[www.scullcom.uk/2016/03/index.html]
[www.scullcom.uk/category/projects/frequency-reference/index.html]
[www.scullcom.uk/2016/02/index.html]
[www.scullcom.uk/2016/01/index.html]
[www.scullcom.uk/2015/12/index.html]
[www.scullcom.uk/2015/10/index.html]
[www.scullcom.uk/wp-content/uploads/2016/03/fg3-750x410.jpg]
[www.scullcom.uk/2015/09/index.html]
[www.scullcom.uk/category/projects/function-generator/index.html]
[www.scullcom.uk/2015/08/index.html]
[www.scullcom.uk/2015/07/index.html]
[www.scullcom.uk/category/projects/function-generator-mk2/index.html]
[www.scullcom.uk/2015/05/index.html]
[www.scullcom.uk/category/projects/gps-system/index.html]
[www.scullcom.uk/2015/04/index.html]
[www.scullcom.uk/2015/03/index.html]
[www.scullcom.uk/category/projects/led-floodlight/index.html]
[www.scullcom.uk/2015/02/index.html]
[www.scullcom.uk/category/projects/low-current-reference/index.html]
[www.scullcom.uk/category/projects/feed/index.html]
[www.scullcom.uk/category/projects/page/2/index.html]
[www.scullcom.uk/category/projects/milliohm-meter/index.html]
[www.scullcom.uk/category/projects/page/3/index.html]
[www.scullcom.uk/upgrade-to-5-volt-precision-reference-standard-part-2/index.html]
[www.scullcom.uk/5-volt-precision-reference-standard-upgrade-part-1/index.html]
[www.scullcom.uk/category/projects/5-volt-precision-reference/feed/index.html]
[www.scullcom.uk/wp-content/uploads/2015/12/mvm_p2b-750x410.jpg]
[www.scullcom.uk/category/projects/millivolt-meter/index.html]
[www.scullcom.uk/design-build-5-volt-reference-standard/index.html]
[www.scullcom.uk/building-a-constant-current-source-box/index.html]
[www.scullcom.uk/category/projects/precision-voltage-reference-box/index.html]
[www.scullcom.uk/category/projects/constant-current-source-box/feed/index.html]
[www.scullcom.uk/category/projects/dc-load/feed/index.html]
[www.scullcom.uk/category/projects/dc-voltage-calibrator/feed/index.html]
[www.scullcom.uk/category/projects/stair-step-waveform-generator/index.html]
[www.scullcom.uk/category/projects/diy-pcb-exposure-unit/feed/index.html]
[www.scullcom.uk/build-a-pcb-uv-exposure-unit/index.html]
[www.scullcom.uk/category/projects/pulse-generator/index.html]
[www.scullcom.uk/category/reviews/index.html]
[www.scullcom.uk/design-build-a-gps-locked-frequency-standard-part-3/index.html]
[www.scullcom.uk/hello-world/index.html]
[www.scullcom.uk/wp-content/uploads/2015/04/pm5127-750x410.jpg]
[www.scullcom.uk/category/teardowns/index.html]
[www.scullcom.uk/design-build-a-gps-locked-frequency-reference-standard-part-1/index.html]
[www.scullcom.uk/category/tutorials/index.html]
[www.scullcom.uk/category/projects/frequency-reference/feed/index.html]
[www.scullcom.uk/build-a-function-generator-part-3/index.html]
[www.scullcom.uk/build-a-function-generator-part-2/index.html]
[www.scullcom.uk/category/projects/function-generator/feed/index.html]
[www.scullcom.uk/category/basics/index.html]
[www.scullcom.uk/build-a-function-generator-part-1/index.html]
[www.scullcom.uk/category/basics/resistor/index.html]
[www.scullcom.uk/category/projects/function-generator-mk2/feed/index.html]
[www.scullcom.uk/precision-voltage-reference-modules/index.html]
[www.scullcom.uk/category/basics/capacitor/index.html]
[www.scullcom.uk/category/projects/gps-system/feed/index.html]
[www.scullcom.uk/category/basics/inductor/index.html]
[www.scullcom.uk/gps-system-with-arduino-mini-oled-display/index.html]
[www.scullcom.uk/category/basics/diode/index.html]
[www.scullcom.uk/convert-240v-ac-pir-floodlight-to-12v-dc-led/index.html]
[www.scullcom.uk/category/projects/low-current-reference/feed/index.html]
[www.scullcom.uk/category/projects/led-floodlight/feed/index.html]
[www.scullcom.uk/category/basics/opto/index.html]
[www.scullcom.uk/design-build-a-milliohm-meter/index.html]
[www.scullcom.uk/category/projects/milliohm-meter/feed/index.html]
[www.scullcom.uk/category/basics/transistor/index.html]
[www.scullcom.uk/design-build-6½-digit-millivolt-meter-part-4/index.html]
[www.scullcom.uk/design-build-a-6½-digit-millivolt-meter-part-3/index.html]
[www.scullcom.uk/category/basics/op-amp/index.html]
[www.scullcom.uk/category/basics/logic-gates/index.html]
[www.scullcom.uk/design-build-a-6½-digit-millivolt-meter-part-2/index.html]
[www.scullcom.uk/category/projects/millivolt-meter/feed/index.html]
[www.scullcom.uk/design-build-6½-digit-millivolt-meter-part-1/index.html]
[www.scullcom.uk/category/basics/filters/index.html]
[www.scullcom.uk/category/projects/precision-voltage-reference-box/feed/index.html]
[www.scullcom.uk/design-building-a-precision-voltage-reference-box/index.html]
[www.scullcom.uk/category/basics/sensors/index.html]
[www.scullcom.uk/category/projects/stair-step-waveform-generator/feed/index.html]
[www.scullcom.uk/category/basics/fuses/index.html]
[www.scullcom.uk/category/projects/pulse-generator/feed/index.html]
[www.scullcom.uk/39/index.html]
[www.scullcom.uk/category/basics/batteries/index.html]
[www.scullcom.uk/dc-dc-boost-converter-test-review/index.html]
[www.scullcom.uk/category/basics/transformer/index.html]
[www.scullcom.uk/peak-electronic-design-zener-diode-analyzer/index.html]
[www.scullcom.uk/keithley-225-current-source-review-teardown/index.html]
[www.scullcom.uk/category/basics/antenna/index.html]
[www.scullcom.uk/time-electronics-404s-404n-dc-millivolt-source-teardown-review/index.html]
[www.scullcom.uk/fluke-8842a-digital-multimeter-review-teardown/index.html]
[www.scullcom.uk/thurlby-1905a-intelligent-digital-multimeter-review-teardown/index.html]
[www.scullcom.uk/datron-1065-autocal-digital-multimeter-review-teardown/index.html]
[www.scullcom.uk/muirhead-d825g-decade-resistance-box-review-teardown/index.html]
[www.scullcom.uk/category/reviews/page/2/index.html]
[www.scullcom.uk/philips-pm5127-function-generator-repair-teardown/index.html]
[www.scullcom.uk/sinclair-digital-multimeter-pdm35-teardown-also-micronta/index.html]
[www.scullcom.uk/keithley-197-digital-multimeter/index.html]
[www.scullcom.uk/category/reviews/feed/index.html]
[www.scullcom.uk/wp-json/oembed/1.0/embed5816.json]
[www.scullcom.uk/keithley-178-multimeter-teardown/index.html]
[www.scullcom.uk/keithley-168-multimeter-teardown/index.html]
[www.scullcom.uk/category/teardowns/page/2/index.html]
[www.scullcom.uk/making-your-own-pcb-the-easy-way/index.html]
[www.scullcom.uk/category/teardowns/feed/index.html]
[www.scullcom.uk/wp-json/oembed/1.0/embed2eb7]
[www.scullcom.uk/category/tutorials/feed/index.html]
[www.scullcom.uk/operational-amplifier-op-amp/index.html]
[www.scullcom.uk/wp-content/uploads/2016/03/Louis-Scully.jpg]
[www.scullcom.uk/category/basics/resistor/feed/index.html]
[www.scullcom.uk/resistor-basics/index.html]
[www.scullcom.uk/category/basics/feed/index.html]
[www.scullcom.uk/wp-content/uploads/2016/03/Louis_july1964_school.jpg]
[www.scullcom.uk/category/basics/capacitor/feed/index.html]
[www.scullcom.uk/wp-content/uploads/2016/03/Oscilloscope_1966-1024x513.jpg]
[www.scullcom.uk/category/basics/inductor/feed/index.html]
[www.scullcom.uk/category/basics/diode/feed/index.html]
[www.scullcom.uk/wp-content/uploads/2016/03/November1983-1024x677.jpg]
[www.scullcom.uk/category/basics/opto/feed/index.html]
[www.scullcom.uk/category/basics/transistor/feed/index.html]
[www.scullcom.uk/wp-content/uploads/2016/03/Sat_TV_Nov1985.jpg]
[www.scullcom.uk/category/basics/op-amp/feed/index.html]
[www.scullcom.uk/wp-content/uploads/2016/03/Louis_in_shed.jpg]
[www.scullcom.uk/category/basics/logic-gates/feed/index.html]
[www.scullcom.uk/about/_facebook]
[www.scullcom.uk/category/basics/filters/feed/index.html]
[www.scullcom.uk/category/basics/sensors/feed/index.html]
[www.scullcom.uk/about/_twitter]
[www.scullcom.uk/category/basics/fuses/feed/index.html]
[www.scullcom.uk/category/basics/batteries/feed/index.html]
[www.scullcom.uk/about/_pinterest]
[www.scullcom.uk/category/basics/transformer/feed/index.html]
[www.scullcom.uk/about/index.html]
[www.scullcom.uk/category/basics/antenna/feed/index.html]
[www.scullcom.uk/wp-json/oembed/1.0/embedbea6.json]
[www.scullcom.uk/function-generator-mk2/feed/index.html]
[www.scullcom.uk/wp-json/oembed/1.0/embedbfba]
[www.scullcom.uk/wp-content/uploads/2018/08/function_generatior_mk2-750x410.jpg]
[www.scullcom.uk/function-generator-mk2/_pinterest]
[www.scullcom.uk/function-generator-mk2/index8ba8.html]
[www.google.com/recaptcha/api97a4.js]
[www.scullcom.uk/function-generator-mk2/index5b55.html]
[www.scullcom.uk/function-generator-mk2/index8a4a.html]
[www.scullcom.uk/function-generator-mk2/index3edb.html]
[www.scullcom.uk/function-generator-mk2/index.html]
[www.scullcom.uk/function-generator-mk2/index25f9.html]
[www.scullcom.uk/function-generator-mk2/index9975.html]
[www.scullcom.uk/function-generator-mk2/indexe49c.html]
[www.scullcom.uk/function-generator-mk2/indexaefa.html]
[www.scullcom.uk/wp-json/oembed/1.0/embed9e33.json]
[www.scullcom.uk/function-generator-mk2/index2022.html]
[www.scullcom.uk/wp-json/oembed/1.0/embed2023]
[www.scullcom.uk/function-generator-mk2/index7ddb.html]
[www.scullcom.uk/dc-voltage-calibrator/feed/index.html]
[www.scullcom.uk/function-generator-mk2/indexdb40.html]
[www.scullcom.uk/wp-content/uploads/2018/01/dc_voltage_calibrator-750x410.jpg]
[www.scullcom.uk/dc-voltage-calibrator/_pinterest]
[www.scullcom.uk/dc-voltage-calibrator/index.html]
[www.scullcom.uk/dc-voltage-calibrator/indexfdcf.html]
[www.scullcom.uk/dc-voltage-calibrator/index0843.html]
[www.scullcom.uk/dc-voltage-calibrator/index3e91.html]
[www.scullcom.uk/wp-json/oembed/1.0/embedddee.json]
[www.scullcom.uk/dc-voltage-calibrator/index42c3.html]
[www.scullcom.uk/dc-voltage-calibrator/index78d9.html]
[www.scullcom.uk/dc-voltage-calibrator/index1a4b.html]
[www.scullcom.uk/wp-json/oembed/1.0/embed4169]
[www.scullcom.uk/dc-voltage-calibrator/index4bde.html]
[www.scullcom.uk/wp-content/uploads/2018/01/zx_80-750x410.jpg]
[www.scullcom.uk/dc-voltage-calibrator/indexc978.html]
[www.scullcom.uk/dc-voltage-calibrator/indexfec0.html]
[www.scullcom.uk/build-a-sinclair-zx80-clone/_pinterest]
[www.scullcom.uk/dc-voltage-calibrator/index610f.html]
[www.scullcom.uk/build-a-sinclair-zx80-clone/index.html]
[www.scullcom.uk/dc-voltage-calibrator/indexb908.html]
[www.scullcom.uk/dc-voltage-calibrator/indexb993.html]
[www.scullcom.uk/dc-voltage-calibrator/indexe954.html]
[www.scullcom.uk/dc-voltage-calibrator/index21fc.html]
[www.scullcom.uk/wp-json/oembed/1.0/embed915f.json]
[www.scullcom.uk/dc-voltage-calibrator/index4106.html]
[www.scullcom.uk/dc-voltage-calibrator/index19ed.html]
[www.scullcom.uk/wp-json/oembed/1.0/embede796]
[www.scullcom.uk/dc-voltage-calibrator/index77c0.html]
[www.scullcom.uk/dc-voltage-calibrator/indexfbe0.html]
[www.scullcom.uk/wp-content/uploads/2016/12/DC_Electronic_Load_block_diagram.jpg]
[www.scullcom.uk/dc-voltage-calibrator/index51fc.html]
[www.scullcom.uk/dc-voltage-calibrator/index9ac6.html]
[www.scullcom.uk/dc-voltage-calibrator/indexf03b.html]
[www.scullcom.uk/wp-content/uploads/2016/12/DC_Load_wiring.jpg]
[www.scullcom.uk/dc-voltage-calibrator/indexf61c.html]
[www.scullcom.uk/dc-voltage-calibrator/indexfa02.html]
[www.scullcom.uk/wp-content/uploads/2016/12/DC_Load_ICs.jpg]
[www.scullcom.uk/dc-voltage-calibrator/index0d12.html]
[www.scullcom.uk/dc-voltage-calibrator/index1aea.html]
[www.scullcom.uk/wp-content/uploads/2016/12/DC_Load_display.jpg]
[www.scullcom.uk/dc-voltage-calibrator/index583a.html]
[www.scullcom.uk/dc-voltage-calibrator/indexfd52.html]
[www.scullcom.uk/wp-content/uploads/2016/12/part2_CC_display.jpg]
[www.scullcom.uk/dc-voltage-calibrator/index987c.html]
[www.scullcom.uk/wp-content/uploads/2016/12/Part2_power_limit.jpg]
[www.scullcom.uk/dc-voltage-calibrator/index327a.html]
[www.scullcom.uk/dc-voltage-calibrator/index27e8.html]
[www.scullcom.uk/wp-content/uploads/2016/12/part2_RTC_circuit.jpg]
[www.scullcom.uk/wp-content/uploads/2016/12/part2_SOA_mosfet.jpg]
[www.scullcom.uk/dc-voltage-calibrator/index6c49.html]
[www.scullcom.uk/wp-content/uploads/2016/12/Part4_remote_sense.jpg]
[www.scullcom.uk/dc-voltage-calibrator/index802f.html]
[www.scullcom.uk/dc-voltage-calibrator/index9f02.html]
[www.scullcom.uk/dc-voltage-calibrator/index663c.html]
[www.scullcom.uk/dc-voltage-calibrator/index5fa0.html]
[www.scullcom.uk/wp-content/uploads/2016/12/Part5_mosfet_par_update.jpg]
[www.scullcom.uk/dc-voltage-calibrator/index64d8.html]
[www.scullcom.uk/dc-voltage-calibrator/index8190.html]
[www.scullcom.uk/wp-content/uploads/2016/12/DC_Load_ver9_3_PCB_bottom.jpg]
[www.scullcom.uk/dc-voltage-calibrator/indexe5b1.html]
[www.scullcom.uk/wp-content/uploads/2016/12/Component_Layout_9_3.jpg]
[www.scullcom.uk/dc-voltage-calibrator/indexab5f.html]
[www.scullcom.uk/dc-voltage-calibrator/indexcfb3.html]
[www.scullcom.uk/dc-voltage-calibrator/index3359.html]
[www.scullcom.uk/dc-voltage-calibrator/index6a15.html]
[www.scullcom.uk/design-build-an-electronic-dc-load-part-1/_facebook]
[www.scullcom.uk/dc-voltage-calibrator/index4c43.html]
[www.scullcom.uk/dc-voltage-calibrator/index24b3.html]
[www.scullcom.uk/build-a-sinclair-zx80-clone/feed/index.html]
[www.scullcom.uk/design-build-an-electronic-dc-load-part-1/_twitter]
[www.scullcom.uk/design-build-an-electronic-dc-load-part-1/feed/index.html]
[www.scullcom.uk/design-build-an-electronic-dc-load-part-1/_pinterest]
[www.scullcom.uk/design-build-an-electronic-dc-load-part-1/index5a86.html]
[www.scullcom.uk/design-build-an-electronic-dc-load-part-1/index7c98.html]
[www.scullcom.uk/design-build-an-electronic-dc-load-part-1/index9095.html]
[www.scullcom.uk/design-build-an-electronic-dc-load-part-1/index.html]
[www.scullcom.uk/design-build-an-electronic-dc-load-part-1/indexd21f.html]
[www.scullcom.uk/design-build-an-electronic-dc-load-part-1/indexb600.html]
[www.scullcom.uk/wp-json/oembed/1.0/embed657d.json]
[www.scullcom.uk/design-build-an-electronic-dc-load-part-1/index3965.html]
[www.scullcom.uk/design-build-an-electronic-dc-load-part-1/index38ef.html]
[www.scullcom.uk/wp-json/oembed/1.0/embed6187]
[www.scullcom.uk/wp-content/uploads/2016/12/millivolt_p2-750x410.jpg]
[www.scullcom.uk/design-build-an-electronic-dc-load-part-1/index06b6.html]
[www.scullcom.uk/design-build-an-electronic-dc-load-part-1/indexec27.html]
[www.scullcom.uk/design-build-an-electronic-dc-load-part-1/index3d09.html]
[www.scullcom.uk/millivolt-meter-mk2/_pinterest]
[www.scullcom.uk/design-build-an-electronic-dc-load-part-1/index5cd6.html]
[www.scullcom.uk/millivolt-meter-mk2/index.html]
[www.scullcom.uk/design-build-an-electronic-dc-load-part-1/indexc916.html]
[www.scullcom.uk/design-build-an-electronic-dc-load-part-1/index5785.html]
[www.scullcom.uk/author/louis/index.html]
[www.scullcom.uk/design-build-an-electronic-dc-load-part-1/indexa2f2.html]
[www.scullcom.uk/author/admin/index.html]
[www.scullcom.uk/design-build-an-electronic-dc-load-part-1/indexbed3.html]
[www.scullcom.uk/design-build-an-electronic-dc-load-part-1/index0a88.html]
[www.scullcom.uk/design-build-an-electronic-dc-load-part-1/indexed49.html]
[www.scullcom.uk/design-build-an-electronic-dc-load-part-1/index9e16.html]
[www.scullcom.uk/wp-json/oembed/1.0/embedbc4b.json]
[www.scullcom.uk/design-build-an-electronic-dc-load-part-1/index7935.html]
[www.scullcom.uk/design-build-an-electronic-dc-load-part-1/index71fb.html]
[www.scullcom.uk/design-build-an-electronic-dc-load-part-1/indexb621.html]
[www.scullcom.uk/wp-json/oembed/1.0/embed376b]
[www.scullcom.uk/design-build-an-electronic-dc-load-part-1/index1bd8.html]
[www.scullcom.uk/wp-content/uploads/2016/09/milliohm-750x410.jpg]
[www.scullcom.uk/design-build-an-electronic-dc-load-part-1/index129f.html]
[www.scullcom.uk/design-build-an-electronic-dc-load-part-1/indexa129.html]
[www.scullcom.uk/design-build-an-electronic-dc-load-part-1/indexbbac.html]
[www.scullcom.uk/milliohm-meter-update/_pinterest]
[www.scullcom.uk/design-build-an-electronic-dc-load-part-1/indexf0f0.html]
[www.scullcom.uk/milliohm-meter-update/index.html]
[www.scullcom.uk/design-build-an-electronic-dc-load-part-1/indexbde5.html]
[www.scullcom.uk/design-build-an-electronic-dc-load-part-1/index6fab.html]
[www.scullcom.uk/design-build-an-electronic-dc-load-part-1/index34f9.html]
[www.scullcom.uk/wp-json/oembed/1.0/embed37b4.json]
[www.scullcom.uk/design-build-an-electronic-dc-load-part-1/indexdb9d.html]
[www.scullcom.uk/design-build-an-electronic-dc-load-part-1/indexd61b.html]
[www.scullcom.uk/wp-json/oembed/1.0/embedb79b]
[www.scullcom.uk/design-build-an-electronic-dc-load-part-1/index118b.html]
[www.scullcom.uk/design-build-an-electronic-dc-load-part-1/indexdb5d.html]
[www.scullcom.uk/wp-content/uploads/2016/06/scullcom_pulse_generator-750x410.jpg]
[www.scullcom.uk/design-build-an-electronic-dc-load-part-1/index46e3.html]
[www.scullcom.uk/design-build-an-electronic-dc-load-part-1/index7693.html]
[www.scullcom.uk/wp-content/uploads/2016/06/LTC6992.jpg]
[www.scullcom.uk/design-build-an-electronic-dc-load-part-1/index2e08.html]
[www.scullcom.uk/wp-content/uploads/2016/06/LTC6992_block_diagram-1024x651.jpg]
[www.scullcom.uk/design-build-an-electronic-dc-load-part-1/index8410.html]
[www.scullcom.uk/design-build-an-electronic-dc-load-part-1/index3ed4.html]
[www.scullcom.uk/wp-content/uploads/2016/06/Pulse_Gen_block_diagram.jpg]
[www.scullcom.uk/design-build-an-electronic-dc-load-part-1/index194d.html]
[www.scullcom.uk/wp-content/uploads/2016/06/Duty_Cycle_graph.jpg]
[www.scullcom.uk/wp-content/uploads/2016/06/Pulse_Gen_display.jpg]
[www.scullcom.uk/design-build-an-electronic-dc-load-part-1/index8009.html]
[www.scullcom.uk/design-build-an-electronic-dc-load-part-1/indexb147.html]
[www.scullcom.uk/wp-content/uploads/2016/06/Pulse_Gen_test.jpg]
[www.scullcom.uk/design-build-a-pulse-generator-part-1/_facebook.6f.delayed]
[www.scullcom.uk/design-build-an-electronic-dc-load-part-1/indexaf49.html]
[www.scullcom.uk/design-build-an-electronic-dc-load-part-1/index4d29.html]
[www.scullcom.uk/design-build-an-electronic-dc-load-part-1/index3b10.html]
[www.scullcom.uk/design-build-an-electronic-dc-load-part-1/index6a51.html]
[www.scullcom.uk/design-build-a-pulse-generator-part-1/_twitter]
[www.scullcom.uk/design-build-a-pulse-generator-part-1/_pinterest.71.delayed]
[www.scullcom.uk/design-build-an-electronic-dc-load-part-1/indexcb29.html]
[www.scullcom.uk/design-build-a-pulse-generator-part-1/index.html]
[www.scullcom.uk/design-build-an-electronic-dc-load-part-1/index7207.html]
[www.scullcom.uk/design-build-an-electronic-dc-load-part-1/index3518.html]
[www.scullcom.uk/design-build-an-electronic-dc-load-part-1/index6c56.html]
[www.scullcom.uk/design-build-an-electronic-dc-load-part-1/indexbaca.html]
[www.scullcom.uk/wp-json/oembed/1.0/embeda2fb.json]
[www.scullcom.uk/design-build-an-electronic-dc-load-part-1/index3721.html]
[www.scullcom.uk/design-build-an-electronic-dc-load-part-1/index7e15.html]
[www.scullcom.uk/design-build-an-electronic-dc-load-part-1/index8033.html]
[www.scullcom.uk/wp-json/oembed/1.0/embed606f]
[www.scullcom.uk/design-build-an-electronic-dc-load-part-1/indexffb9.html]
[www.scullcom.uk/design-build-an-electronic-dc-load-part-1/index4ddf.html]
[www.scullcom.uk/wp-content/uploads/2016/05/stair-step1-750x410.png]
[www.scullcom.uk/design-build-an-electronic-dc-load-part-1/index10e6.html]
[www.scullcom.uk/design-build-an-electronic-dc-load-part-1/index6b9a.html]
[www.scullcom.uk/wp-content/uploads/2016/05/Image1.jpg]
[www.scullcom.uk/design-build-an-electronic-dc-load-part-1/index4c69.html]
[www.scullcom.uk/design-build-an-electronic-dc-load-part-1/index3026.html]
[www.scullcom.uk/wp-content/uploads/2016/05/Image_resistors.jpg]
[www.scullcom.uk/design-build-an-electronic-dc-load-part-1/index4e2e.html]
[www.scullcom.uk/design-build-an-electronic-dc-load-part-1/index57d3.html]
[www.scullcom.uk/wp-content/uploads/2016/05/ImageResistorValues.jpg]
[www.scullcom.uk/wp-content/uploads/2016/05/Image3.jpg]
[www.scullcom.uk/design-build-an-electronic-dc-load-part-1/index8b90.html]
[www.scullcom.uk/design-build-an-electronic-dc-load-part-1/index7c3f.html]
[www.scullcom.uk/wp-content/uploads/2016/05/Image10-1024x463.jpg]
[www.scullcom.uk/design-build-an-electronic-dc-load-part-1/index9ac4.html]
[www.scullcom.uk/wp-content/uploads/2016/05/Image5.jpg]
[www.scullcom.uk/design-build-an-electronic-dc-load-part-1/indexf3e0.html]
[www.scullcom.uk/wp-content/uploads/2016/05/Image6.jpg]
[www.scullcom.uk/design-build-an-electronic-dc-load-part-1/index2ecf.html]
[www.scullcom.uk/wp-content/uploads/2016/05/Image7.jpg]
[www.scullcom.uk/wp-content/uploads/2016/05/Image8.jpg]
[www.scullcom.uk/design-build-an-electronic-dc-load-part-1/indexcb15.html]
[www.scullcom.uk/design-build-a-stair-step-waveform-generator/_pinterest]
[www.scullcom.uk/design-build-an-electronic-dc-load-part-1/indexc36c.html]
[www.scullcom.uk/design-build-a-stair-step-waveform-generator/index.html]
[www.scullcom.uk/design-build-an-electronic-dc-load-part-1/indexe3f2.html]
[www.scullcom.uk/design-build-an-electronic-dc-load-part-1/index8f35.html]
[www.scullcom.uk/design-build-an-electronic-dc-load-part-1/index9e40.html]
[www.scullcom.uk/wp-json/oembed/1.0/embed3530.json]
[www.scullcom.uk/design-build-an-electronic-dc-load-part-1/index640a.html]
[www.scullcom.uk/design-build-an-electronic-dc-load-part-1/index032b.html]
[www.scullcom.uk/wp-json/oembed/1.0/embed40a6]
[www.scullcom.uk/design-build-an-electronic-dc-load-part-1/index816f.html]
[www.scullcom.uk/design-build-an-electronic-dc-load-part-1/index6f76.html]
[www.scullcom.uk/wp-content/uploads/2016/03/lcr-750x410.jpg]
[www.scullcom.uk/design-build-an-electronic-dc-load-part-1/indexca59.html]
[www.scullcom.uk/design-build-an-electronic-dc-load-part-1/index3db2.html]
[www.scullcom.uk/wp-content/uploads/2016/03/Image10.jpg]
[www.scullcom.uk/design-build-an-electronic-dc-load-part-1/indexa518.html]
[www.scullcom.uk/wp-content/uploads/2016/03/Image20.jpg]
[www.scullcom.uk/design-build-an-electronic-dc-load-part-1/indexc358.html]
[www.scullcom.uk/design-build-an-electronic-dc-load-part-1/index1884.html]
[www.scullcom.uk/design-build-a-low-current-reference-source/_pinterest]
[www.scullcom.uk/design-build-an-electronic-dc-load-part-1/indexef25.html]
[www.scullcom.uk/design-build-a-low-current-reference-source/index.html]
[www.scullcom.uk/design-build-an-electronic-dc-load-part-1/index1401.html]
[www.scullcom.uk/design-build-an-electronic-dc-load-part-1/index0bbd.html]
[www.scullcom.uk/design-build-an-electronic-dc-load-part-1/index39ee.html]
[www.scullcom.uk/wp-json/oembed/1.0/embed742e.json]
[www.scullcom.uk/design-build-an-electronic-dc-load-part-1/index6126.html]
[www.scullcom.uk/design-build-an-electronic-dc-load-part-1/index1ba8.html]
[www.scullcom.uk/wp-json/oembed/1.0/embedf3cb]
[www.scullcom.uk/design-build-an-electronic-dc-load-part-1/index3d23.html]
[www.scullcom.uk/design-build-an-electronic-dc-load-part-1/indexd44c.html]
[www.scullcom.uk/wp-content/uploads/2016/03/frs4-750x410.jpg]
[www.scullcom.uk/design-build-an-electronic-dc-load-part-1/index2c01.html]
[www.scullcom.uk/wp-content/uploads/2016/03/NMEA_data_stripped-1024x142.jpg]
[www.scullcom.uk/design-build-an-electronic-dc-load-part-1/index6994.html]
[www.scullcom.uk/design-build-an-electronic-dc-load-part-1/index24ba.html]
[www.scullcom.uk/wp-content/uploads/2016/03/folder1.jpg]
[www.scullcom.uk/design-build-an-electronic-dc-load-part-1/indexfbcf.html]
[www.scullcom.uk/wp-content/uploads/2016/03/folder2.jpg]
[www.scullcom.uk/design-build-an-electronic-dc-load-part-1/indexd732.html]
[www.scullcom.uk/wp-content/uploads/2016/03/codeV6.jpg]
[www.scullcom.uk/design-build-an-electronic-dc-load-part-1/indexeb13.html]
[www.scullcom.uk/wp-content/uploads/2016/03/TimePulse.jpg]
[www.scullcom.uk/design-build-an-electronic-dc-load-part-1/indexfeb7.html]
[www.scullcom.uk/design-build-a-gps-locked-frequency-standard-part-4/_facebook]
[www.scullcom.uk/design-build-an-electronic-dc-load-part-1/indexb61b.html]
[www.scullcom.uk/design-build-an-electronic-dc-load-part-1/indexcdf6.html]
[www.scullcom.uk/design-build-an-electronic-dc-load-part-1/index46e3-2.html]
[www.scullcom.uk/design-build-a-gps-locked-frequency-standard-part-4/_twitter]
[www.scullcom.uk/design-build-an-electronic-dc-load-part-1/indexd28e.html]
[www.scullcom.uk/design-build-an-electronic-dc-load-part-1/index749e.html]
[www.scullcom.uk/design-build-an-electronic-dc-load-part-1/index79f0.html]
[www.scullcom.uk/design-build-a-gps-locked-frequency-standard-part-4/_pinterest]
[www.scullcom.uk/design-build-an-electronic-dc-load-part-1/indexa56d.html]
[www.scullcom.uk/design-build-an-electronic-dc-load-part-1/index4ca9.html]
[www.scullcom.uk/design-build-a-gps-locked-frequency-standard-part-4/index.html]
[www.scullcom.uk/design-build-an-electronic-dc-load-part-1/index32cf.html]
[www.scullcom.uk/design-build-an-electronic-dc-load-part-1/indexa68c.html]
[www.scullcom.uk/page/2/index.html]
[www.scullcom.uk/design-build-an-electronic-dc-load-part-1/indexa3d0.html]
[www.scullcom.uk/design-build-an-electronic-dc-load-part-1/index823b.html]
[www.scullcom.uk/page/5/index.html]
[www.scullcom.uk/design-build-an-electronic-dc-load-part-1/index28d0.html]
[www.scullcom.uk/design-build-an-electronic-dc-load-part-1/index71ce.html]
[www.scullcom.uk/category/uncategorised/index.html]
[www.scullcom.uk/design-build-an-electronic-dc-load-part-1/index5eb7.html]
[www.scullcom.uk/design-build-an-electronic-dc-load-part-1/index37b6.html]
[www.scullcom.uk/category/projects/zx80/index.html]
[www.scullcom.uk/design-build-an-electronic-dc-load-part-1/indexcb1e.html]
[www.scullcom.uk/design-build-an-electronic-dc-load-part-1/index8074.html]
[www.scullcom.uk/2018/08/index.html]
[www.scullcom.uk/design-build-an-electronic-dc-load-part-1/index8dd1.html]
[www.scullcom.uk/design-build-an-electronic-dc-load-part-1/index51f2.html]
[www.scullcom.uk/2017/12/index.html]
[www.scullcom.uk/design-build-an-electronic-dc-load-part-1/index5bfa.html]
[www.scullcom.uk/design-build-an-electronic-dc-load-part-1/index6fb6.html]
[www.scullcom.uk/2017/06/index.html]
[www.scullcom.uk/design-build-an-electronic-dc-load-part-1/index457f.html]
[www.scullcom.uk/design-build-an-electronic-dc-load-part-1/index800a.html]
[www.scullcom.uk/design-build-an-electronic-dc-load-part-1/index56b2.html]
[www.scullcom.uk/design-build-an-electronic-dc-load-part-1/indexc771.html]
[www.scullcom.uk/2016/12/index.html]
[www.scullcom.uk/design-build-an-electronic-dc-load-part-1/index5d39.html]
[www.scullcom.uk/design-build-an-electronic-dc-load-part-1/index1679.html]
[www.scullcom.uk/design-build-an-electronic-dc-load-part-1/indexd051.html]
[www.scullcom.uk/design-build-an-electronic-dc-load-part-1/indexc19c.html]
[www.scullcom.uk/2016/11/index.html]
[www.scullcom.uk/design-build-an-electronic-dc-load-part-1/indexaf71.html]
[www.scullcom.uk/design-build-an-electronic-dc-load-part-1/indexede1.html]
[www.scullcom.uk/2016/09/index.html]
[www.scullcom.uk/design-build-an-electronic-dc-load-part-1/index9191.html]
[www.scullcom.uk/design-build-an-electronic-dc-load-part-1/indexb90e.html]
[www.scullcom.uk/2016/06/index.html]
[www.scullcom.uk/design-build-an-electronic-dc-load-part-1/index9821.html]
[www.scullcom.uk/design-build-an-electronic-dc-load-part-1/index9a29.html]
[www.scullcom.uk/2016/05/index.html]
[www.scullcom.uk/design-build-an-electronic-dc-load-part-1/indexe953.html]
[www.scullcom.uk/design-build-an-electronic-dc-load-part-1/indexe543.html]
[www.scullcom.uk/2016/03/index.html]
[www.scullcom.uk/design-build-an-electronic-dc-load-part-1/indexe6fc.html]
[www.scullcom.uk/design-build-an-electronic-dc-load-part-1/indexe972.html]
[www.scullcom.uk/design-build-an-electronic-dc-load-part-1/index8af3.html]
[www.scullcom.uk/2016/02/index.html]
[www.scullcom.uk/design-build-an-electronic-dc-load-part-1/indexbe21.html]
[www.scullcom.uk/design-build-an-electronic-dc-load-part-1/index5972.html]
[www.scullcom.uk/design-build-an-electronic-dc-load-part-1/index3bc8.html]
[www.scullcom.uk/2016/01/index.html]
[www.scullcom.uk/design-build-an-electronic-dc-load-part-1/index7a35.html]
[www.scullcom.uk/design-build-an-electronic-dc-load-part-1/indexaef1.html]
[www.scullcom.uk/2015/12/index.html]
[www.scullcom.uk/design-build-an-electronic-dc-load-part-1/index446c.html]
[www.scullcom.uk/design-build-an-electronic-dc-load-part-1/index9b66.html]
[www.scullcom.uk/2015/10/index.html]
[www.scullcom.uk/design-build-an-electronic-dc-load-part-1/index18e6.html]
[www.scullcom.uk/design-build-an-electronic-dc-load-part-1/index223d.html]
[www.scullcom.uk/2015/09/index.html]
[www.scullcom.uk/design-build-an-electronic-dc-load-part-1/index784e.html]
[www.scullcom.uk/design-build-an-electronic-dc-load-part-1/index461a.html]
[www.scullcom.uk/2015/08/index.html]
[www.scullcom.uk/design-build-an-electronic-dc-load-part-1/indexa1d4.html]
[www.scullcom.uk/design-build-an-electronic-dc-load-part-1/indexc7b6.html]
[www.scullcom.uk/2015/07/index.html]
[www.scullcom.uk/design-build-an-electronic-dc-load-part-1/indexa764.html]
[www.scullcom.uk/design-build-an-electronic-dc-load-part-1/index7e81.html]
[www.scullcom.uk/design-build-an-electronic-dc-load-part-1/index70dc.html]
[www.scullcom.uk/2015/05/index.html]
[www.scullcom.uk/design-build-an-electronic-dc-load-part-1/index16cc.html]
[www.scullcom.uk/design-build-an-electronic-dc-load-part-1/index1390.html]
[www.scullcom.uk/design-build-an-electronic-dc-load-part-1/index2f8e.html]
[www.scullcom.uk/2015/04/index.html]
[www.scullcom.uk/design-build-an-electronic-dc-load-part-1/index6b2e.html]
[www.scullcom.uk/design-build-an-electronic-dc-load-part-1/indexfd0a.html]
[www.scullcom.uk/2015/03/index.html]
[www.scullcom.uk/design-build-an-electronic-dc-load-part-1/index0800.html]
[www.scullcom.uk/design-build-an-electronic-dc-load-part-1/indexe3e4.html]
[www.scullcom.uk/2015/02/index.html]
[www.scullcom.uk/design-build-an-electronic-dc-load-part-1/index883c.html]
[www.scullcom.uk/design-build-an-electronic-dc-load-part-1/indexeb0a.html]
[www.scullcom.uk/design-build-an-electronic-dc-load-part-1/index9ad0.html]
[www.scullcom.uk/design-build-an-electronic-dc-load-part-1/index54af.html]
[www.scullcom.uk/design-build-an-electronic-dc-load-part-1/indexd0a2.html]
[www.scullcom.uk/design-build-an-electronic-dc-load-part-1/index960b.html]
[www.scullcom.uk/design-build-an-electronic-dc-load-part-1/indexba76.html]
[www.scullcom.uk/design-build-an-electronic-dc-load-part-1/index00b2.html]
[www.scullcom.uk/design-build-an-electronic-dc-load-part-1/index24e9.html]
[www.scullcom.uk/design-build-an-electronic-dc-load-part-1/indexf8e8.html]
[www.scullcom.uk/wp-login0ddc.html]
[www.scullcom.uk/wp-loginc2b6.html]
[www.scullcom.uk/wp-login.html]
[www.scullcom.uk/design-build-an-electronic-dc-load-part-1/indexa1a0.html]
[www.scullcom.uk/design-build-an-electronic-dc-load-part-1/index7875.html]
[www.scullcom.uk/indexd784.html]
[www.scullcom.uk/design-build-an-electronic-dc-load-part-1/index6a36.html]
[www.scullcom.uk/design-build-an-electronic-dc-load-part-1/indexaf7f.html]
[www.scullcom.uk/indexa6da.html]
[www.scullcom.uk/design-build-an-electronic-dc-load-part-1/indexf4fc.html]
[www.scullcom.uk/design-build-an-electronic-dc-load-part-1/indexd361.html]
[www.scullcom.uk/design-build-an-electronic-dc-load-part-1/index8e31.html]
[www.scullcom.uk/design-build-an-electronic-dc-load-part-1/index4705.html]
[www.scullcom.uk/design-build-an-electronic-dc-load-part-1/index5b38.html]
[www.scullcom.uk/wp-content/plugins/accesspress-social-share/js/frontend8f76.js]
[www.scullcom.uk/design-build-an-electronic-dc-load-part-1/index1abf.html]
[www.scullcom.uk/design-build-an-electronic-dc-load-part-1/index43c5.html]
[assets.pinterest.com/js/pinmarklet2a3b.js]
[www.scullcom.uk/wp-content/themes/sparkling/assets/js/vendor/flexslider.mined4c.js]
[www.scullcom.uk/design-build-an-electronic-dc-load-part-1/index16e2.html]
[www.scullcom.uk/design-build-an-electronic-dc-load-part-1/indexb451.html]
[www.scullcom.uk/wp-content/themes/sparkling/assets/js/flexslider-custom.minca09.js]
[www.scullcom.uk/design-build-an-electronic-dc-load-part-1/index1088.html]
[www.scullcom.uk/design-build-an-electronic-dc-load-part-1/indexa141.html]
[www.scullcom.uk/design-build-an-electronic-dc-load-part-1/index43d1.html]
[www.scullcom.uk/wp-content/themes/sparkling/assets/js/skip-link-focus-fix.mined4c.js]
[www.scullcom.uk/design-build-an-electronic-dc-load-part-1/indexadd3.html]
[www.scullcom.uk/design-build-an-electronic-dc-load-part-1/indexfb3d.html]
[www.scullcom.uk/design-build-an-electronic-dc-load-part-1/index7321.html]
[www.scullcom.uk/wp-includes/js/wp-embed.min6959.js]
[www.scullcom.uk/design-build-an-electronic-dc-load-part-1/index64ab.html]
[www.scullcom.uk/design-build-an-electronic-dc-load-part-1/index5a95.html]
[www.scullcom.uk/Popover requires tooltip.html]
[www.scullcom.uk/design-build-an-electronic-dc-load-part-1/indexcb78.html]
[www.scullcom.uk/design-build-an-electronic-dc-load-part-1/index8d5c.html]
[www.scullcom.uk/wp-content/cache/wpfc-minified/e425b49d6e194f1627d97fcdb93bfbfe/1515861098index.css]
[www.scullcom.uk/design-build-an-electronic-dc-load-part-1/index1eec.html]
[www.scullcom.uk/design-build-an-electronic-dc-load-part-1/index003a.html]
[www.scullcom.uk/category/projects/page/2/index.html]
[www.scullcom.uk/design-build-an-electronic-dc-load-part-1/index8a01.html]
[www.scullcom.uk/design-build-an-electronic-dc-load-part-1/index0c0b.html]
[www.scullcom.uk/category/projects/page/3/index.html]
[www.scullcom.uk/design-build-an-electronic-dc-load-part-1/indexc299.html]
[www.scullcom.uk/design-build-an-electronic-dc-load-part-1/index2fd7.html]
[www.scullcom.uk/design-build-an-electronic-dc-load-part-1/index6f2c.html]
[www.scullcom.uk/design-build-an-electronic-dc-load-part-1/indexd4c9.html]
[www.scullcom.uk/millivolt-meter-mk2/feed/index.html]
[www.scullcom.uk/wp-json/oembed/1.0/embed59cd.json]
[www.scullcom.uk/design-build-an-electronic-dc-load-part-1/indexb790.html]
[www.scullcom.uk/design-build-an-electronic-dc-load-part-1/index094a.html]
[www.scullcom.uk/wp-json/oembed/1.0/embedddab]
[www.scullcom.uk/wp-content/uploads/2016/03/5vr3-750x410.jpg]
[www.scullcom.uk/millivolt-meter-mk2/indexf970.html]
[www.scullcom.uk/millivolt-meter-mk2/index2166.html]
[www.scullcom.uk/millivolt-meter-mk2/indexa3c0.html]
[www.scullcom.uk/millivolt-meter-mk2/indexe1d3.html]
[www.scullcom.uk/upgrade-to-5-volt-precision-reference-standard-part-2/_pinterest]
[www.scullcom.uk/upgrade-to-5-volt-precision-reference-standard-part-2/index.html]
[www.scullcom.uk/millivolt-meter-mk2/index74ab.html]
[www.scullcom.uk/author/louis/feed/index.html]
[www.scullcom.uk/millivolt-meter-mk2/indexbb12.html]
[www.scullcom.uk/author/louis/page/2/index.html]
[www.scullcom.uk/author/louis/page/5/index.html]
[www.scullcom.uk/wp-json/oembed/1.0/embed0545.json]
[www.scullcom.uk/author/admin/feed/index.html]
[www.scullcom.uk/milliohm-meter-update/feed/index.html]
[www.scullcom.uk/wp-json/oembed/1.0/embedc3db]
[www.scullcom.uk/wp-content/uploads/2016/03/5vr2-750x410.jpg]
[www.scullcom.uk/design-build-a-pulse-generator-part-1/feed/index.html]
[www.scullcom.uk/5-volt-precision-reference-standard-upgrade-part-1/_pinterest]
[www.scullcom.uk/design-build-a-pulse-generator-part-1/index04d3.html]
[www.scullcom.uk/5-volt-precision-reference-standard-upgrade-part-1/index.html]
[www.scullcom.uk/design-build-a-pulse-generator-part-1/indexaec8.html]
[www.scullcom.uk/design-build-a-pulse-generator-part-1/index2788.html]
[www.scullcom.uk/design-build-a-pulse-generator-part-1/indexb3d4.html]
[www.scullcom.uk/wp-json/oembed/1.0/embedda3e.json]
[www.scullcom.uk/design-build-a-pulse-generator-part-1/indexae56.html]
[www.scullcom.uk/wp-json/oembed/1.0/embedd602]
[www.scullcom.uk/design-build-a-pulse-generator-part-1/index54f0.html]
[www.scullcom.uk/design-build-a-stair-step-waveform-generator/feed/index.html]
[www.scullcom.uk/wp-content/uploads/2016/03/5vr1-750x410.jpg]
[www.scullcom.uk/design-build-5-volt-reference-standard/_pinterest]
[www.scullcom.uk/design-build-5-volt-reference-standard/index.html]
[www.scullcom.uk/design-build-a-stair-step-waveform-generator/index1b7b.html]
[www.scullcom.uk/design-build-a-stair-step-waveform-generator/index83b4.html]
[www.scullcom.uk/design-build-a-stair-step-waveform-generator/index013a.html]
[www.scullcom.uk/wp-json/oembed/1.0/embed3ada.json]
[www.scullcom.uk/design-build-a-stair-step-waveform-generator/index1f32.html]
[www.scullcom.uk/design-build-a-low-current-reference-source/feed/index.html]
[www.scullcom.uk/wp-json/oembed/1.0/embed7b4b]
[www.scullcom.uk/wp-content/uploads/2016/03/ccsb-750x410.jpg]
[www.scullcom.uk/design-build-a-low-current-reference-source/indexb7c1.html]
[www.scullcom.uk/design-build-a-gps-locked-frequency-standard-part-4/feed/index.html]
[www.scullcom.uk/building-a-constant-current-source-box/_pinterest]
[www.scullcom.uk/design-build-a-gps-locked-frequency-standard-part-4/index0e22.html]
[www.scullcom.uk/building-a-constant-current-source-box/index.html]
[www.scullcom.uk/design-build-a-gps-locked-frequency-standard-part-4/index8e42.html]
[www.scullcom.uk/design-build-a-gps-locked-frequency-standard-part-4/index28b4.html]
[www.scullcom.uk/design-build-a-gps-locked-frequency-standard-part-4/index3094.html]
[www.scullcom.uk/design-build-a-gps-locked-frequency-standard-part-4/index41b7.html]
[www.scullcom.uk/wp-json/oembed/1.0/embed1600.json]
[www.scullcom.uk/design-build-a-gps-locked-frequency-standard-part-4/index8528.html]
[www.scullcom.uk/wp-json/oembed/1.0/embed5959]
[www.scullcom.uk/design-build-a-gps-locked-frequency-standard-part-4/index745d.html]
[www.scullcom.uk/wp-content/uploads/2016/03/pcbeu-750x410.jpg]
[www.scullcom.uk/design-build-a-gps-locked-frequency-standard-part-4/indexfaf1.html]
[www.scullcom.uk/design-build-a-gps-locked-frequency-standard-part-4/index1dff.html]
[www.scullcom.uk/build-a-pcb-uv-exposure-unit/_pinterest]
[www.scullcom.uk/design-build-a-gps-locked-frequency-standard-part-4/index740f.html]
[www.scullcom.uk/build-a-pcb-uv-exposure-unit/index.html]
[www.scullcom.uk/design-build-a-gps-locked-frequency-standard-part-4/index172f.html]
[www.scullcom.uk/design-build-a-gps-locked-frequency-standard-part-4/indexdcee.html]
[www.scullcom.uk/design-build-a-gps-locked-frequency-standard-part-4/index786f.html]
[www.scullcom.uk/design-build-a-gps-locked-frequency-standard-part-4/index616c.html]
[www.scullcom.uk/wp-json/oembed/1.0/embed3113.json]
[www.scullcom.uk/design-build-a-gps-locked-frequency-standard-part-4/index027c.html]
[www.scullcom.uk/design-build-a-gps-locked-frequency-standard-part-4/index22d1.html]
[www.scullcom.uk/wp-json/oembed/1.0/embed7a8d]
[www.scullcom.uk/wp-content/uploads/2016/03/frs3b-1-750x410.jpg]
[www.scullcom.uk/design-build-a-gps-locked-frequency-standard-part-4/index3171.html]
[www.scullcom.uk/design-build-a-gps-locked-frequency-standard-part-4/index61d3.html]
[www.scullcom.uk/wp-content/uploads/2016/03/Block_diagram4-1024x774.jpg]
[www.scullcom.uk/design-build-a-gps-locked-frequency-standard-part-4/indexf4c0.html]
[www.scullcom.uk/design-build-a-gps-locked-frequency-standard-part-4/index4a14.html]
[www.scullcom.uk/wp-content/uploads/2016/03/IMG_1656_lightLabled-1024x759.jpg]
[www.scullcom.uk/design-build-a-gps-locked-frequency-standard-part-4/indexc024.html]
[www.scullcom.uk/design-build-a-gps-locked-frequency-standard-part-4/indexd78a.html]
[www.scullcom.uk/wp-content/uploads/2016/03/Image3gps4-1024x512.jpg]
[www.scullcom.uk/design-build-a-gps-locked-frequency-standard-part-4/index20e7.html]
[www.scullcom.uk/wp-content/uploads/2016/03/Image33A-1024x634.jpg]
[www.scullcom.uk/design-build-a-gps-locked-frequency-standard-part-4/index31b8.html]
[www.scullcom.uk/wp-content/uploads/2016/03/Image2F.jpg]
[www.scullcom.uk/design-build-a-gps-locked-frequency-standard-part-4/index8477.html]
[www.scullcom.uk/wp-content/uploads/2016/03/Image2B.jpg]
[www.scullcom.uk/design-build-a-gps-locked-frequency-standard-part-4/index8351.html]
[www.scullcom.uk/design-build-a-gps-locked-frequency-standard-part-4/index4c3e.html]
[www.scullcom.uk/wp-content/uploads/2016/03/PCB.jpg]
[www.scullcom.uk/design-build-a-gps-locked-frequency-standard-part-4/index8245.html]
[www.scullcom.uk/design-build-a-gps-locked-frequency-standard-part-3/_pinterest]
[www.scullcom.uk/design-build-a-gps-locked-frequency-standard-part-4/index0ec2.html]
[www.scullcom.uk/design-build-a-gps-locked-frequency-standard-part-3/index.html]
[www.scullcom.uk/design-build-a-gps-locked-frequency-standard-part-4/index2485.html]
[www.scullcom.uk/page/3/index.html]
[www.scullcom.uk/keithley-175a-multimeter-review-teardown/index.html]
[www.scullcom.uk/wp-json/oembed/1.0/embed5459.json]
[www.scullcom.uk/imax-b6ac-genuine-viz-fake-review-teardown/index.html]
[www.scullcom.uk/page/4/index.html]
[www.scullcom.uk/wp-json/oembed/1.0/embed36f2]
[www.scullcom.uk/category/uncategorised/feed/index.html]
[www.scullcom.uk/category/projects/zx80/feed/index.html]
[www.scullcom.uk/wp-content/uploads/2016/03/frs2c-750x410.jpg]
[www.scullcom.uk/drok-dc-to-dc-converter-upgrade/index.html]
[www.scullcom.uk/upgrade-to-5-volt-precision-reference-standard-part-2/feed/index.html]
[www.scullcom.uk/wp-content/uploads/2016/03/10MHz_GPS_Ref_Schematic.pdf]
[www.scullcom.uk/wp-content/uploads/2016/03/10MHz_GPS_locked_Parts_List.pdf]
[www.scullcom.uk/upgrade-to-5-volt-precision-reference-standard-part-2/indexfc06.html]
[www.scullcom.uk/upgrade-to-5-volt-precision-reference-standard-part-2/indexa82a.html]
[www.scullcom.uk/wp-content/uploads/2016/03/10MHz_GPS_Freq_Ref_PCB.pdf]
[www.scullcom.uk/5-volt-precision-reference-standard-upgrade-part-1/feed/index.html]
[www.scullcom.uk/wp-content/uploads/2016/03/10MHz_GPS_Display_Schematic.pdf]
[www.scullcom.uk/wp-content/uploads/2016/03/10MHz_GPS_Display_PCB.pdf]
[www.scullcom.uk/design-build-5-volt-reference-standard/feed/index.html]
[www.scullcom.uk/hello-world/_pinterest]
[www.scullcom.uk/building-a-constant-current-source-box/feed/index.html]
[www.scullcom.uk/hello-world/index.html]
[www.scullcom.uk/building-a-constant-current-source-box/indexa629.html]
[www.scullcom.uk/building-a-constant-current-source-box/index4f67.html]
[www.scullcom.uk/wp-json/oembed/1.0/embed3182.json]
[www.scullcom.uk/building-a-constant-current-source-box/indexf52b.html]
[www.scullcom.uk/building-a-constant-current-source-box/index3411.html]
[www.scullcom.uk/wp-json/oembed/1.0/embed2153]
[www.scullcom.uk/building-a-constant-current-source-box/indexba62.html]
[www.scullcom.uk/wp-content/uploads/2016/02/frs1c-750x410.jpg]
[www.scullcom.uk/building-a-constant-current-source-box/index10ce.html]
[www.scullcom.uk/building-a-constant-current-source-box/indexdf58.html]
[www.scullcom.uk/design-build-a-gps-locked-frequency-reference-standard-part-1/_pinterest]
[www.scullcom.uk/building-a-constant-current-source-box/indexacc6.html]
[www.scullcom.uk/design-build-a-gps-locked-frequency-reference-standard-part-1/index.html]
[www.scullcom.uk/build-a-pcb-uv-exposure-unit/feed/index.html]
[www.scullcom.uk/design-build-a-gps-locked-frequency-standard-part-3/feed/index.html]
[www.scullcom.uk/wp-json/oembed/1.0/embede3ba.json]
[www.scullcom.uk/wp-json/oembed/1.0/embedacf0]
[www.scullcom.uk/design-build-a-gps-locked-frequency-standard-part-3/index267f.html]
[www.scullcom.uk/build-a-function-generator-part-3/_pinterest]
[www.scullcom.uk/design-build-a-gps-locked-frequency-standard-part-3/index6f0d.html]
[www.scullcom.uk/build-a-function-generator-part-3/index.html]
[www.scullcom.uk/design-build-a-gps-locked-frequency-standard-part-3/indexa2b6.html]
[www.scullcom.uk/hello-world/feed/index.html]
[www.scullcom.uk/wp-json/oembed/1.0/embeddb70.json]
[www.scullcom.uk/hello-world/indexcff9.html]
[www.scullcom.uk/design-build-a-gps-locked-frequency-reference-standard-part-1/feed/index.html]
[www.scullcom.uk/wp-json/oembed/1.0/embed1b72]
[www.scullcom.uk/wp-content/uploads/2016/03/fg2-750x410.jpg]
[www.scullcom.uk/design-build-a-gps-locked-frequency-reference-standard-part-1/indexa3a3.html]
[www.scullcom.uk/design-build-a-gps-locked-frequency-reference-standard-part-1/index21e4.html]
[www.scullcom.uk/build-a-function-generator-part-2/_pinterest]
[www.scullcom.uk/design-build-a-gps-locked-frequency-reference-standard-part-1/index0c48.html]
[www.scullcom.uk/build-a-function-generator-part-2/index.html]
[www.scullcom.uk/design-build-a-gps-locked-frequency-reference-standard-part-1/indexed6e.html]
[www.scullcom.uk/design-build-a-gps-locked-frequency-reference-standard-part-1/index87d0.html]
[www.scullcom.uk/build-a-function-generator-part-3/feed/index.html]
[www.scullcom.uk/wp-json/oembed/1.0/embedc71b.json]
[www.scullcom.uk/build-a-function-generator-part-3/index06ab.html]
[www.scullcom.uk/wp-json/oembed/1.0/embed719c]
[www.scullcom.uk/wp-content/uploads/2015/05/fg1-750x410.jpg]
[www.scullcom.uk/build-a-function-generator-part-3/index61aa.html]
[www.scullcom.uk/build-a-function-generator-part-3/indexb901.html]
[www.scullcom.uk/build-a-function-generator-part-1/_pinterest]
[www.scullcom.uk/build-a-function-generator-part-3/indexf73b.html]
[www.scullcom.uk/build-a-function-generator-part-1/index.html]
[www.scullcom.uk/build-a-function-generator-part-3/index2096.html]
[www.scullcom.uk/build-a-function-generator-part-3/indexb879.html]
[www.scullcom.uk/build-a-function-generator-part-3/index7810.html]
[www.scullcom.uk/wp-json/oembed/1.0/embedcf16.json]
[www.scullcom.uk/build-a-function-generator-part-2/feed/index.html]
[www.scullcom.uk/wp-json/oembed/1.0/embed9a23]
[www.scullcom.uk/wp-content/uploads/2016/03/vref-modules-750x410.jpg]
[www.scullcom.uk/build-a-function-generator-part-1/feed/index.html]
[www.scullcom.uk/precision-voltage-reference-modules/_pinterest]
[www.scullcom.uk/precision-voltage-reference-modules/feed/index.html]
[www.scullcom.uk/precision-voltage-reference-modules/index.html]
[www.scullcom.uk/precision-voltage-reference-modules/index6c19.html]
[www.scullcom.uk/wp-json/oembed/1.0/embed805d.json]
[www.scullcom.uk/gps-system-with-arduino-mini-oled-display/feed/index.html]
[www.scullcom.uk/wp-json/oembed/1.0/embedad76]
[www.scullcom.uk/wp-content/uploads/2016/03/gps1-750x410.jpg]
[www.scullcom.uk/gps-system-with-arduino-mini-oled-display/_pinterest]
[www.scullcom.uk/gps-system-with-arduino-mini-oled-display/index.html]
[www.scullcom.uk/wp-json/oembed/1.0/embed3e7c.json]
[www.scullcom.uk/gps-system-with-arduino-mini-oled-display/index2320.html]
[www.scullcom.uk/convert-240v-ac-pir-floodlight-to-12v-dc-led/feed/index.html]
[www.scullcom.uk/wp-json/oembed/1.0/embed8824]
[www.scullcom.uk/wp-content/uploads/2016/03/floodlight-750x410.jpg]
[www.scullcom.uk/convert-240v-ac-pir-floodlight-to-12v-dc-led/_pinterest]
[www.scullcom.uk/convert-240v-ac-pir-floodlight-to-12v-dc-led/index.html]
[www.scullcom.uk/design-build-a-milliohm-meter/feed/index.html]
[www.scullcom.uk/wp-json/oembed/1.0/embed3cab.json]
[www.scullcom.uk/wp-json/oembed/1.0/embedadba]
[www.scullcom.uk/wp-content/uploads/2015/10/mom1-750x410.jpg]
[www.scullcom.uk/wp-content/uploads/2015/10/Image1.jpg]
[www.scullcom.uk/wp-content/uploads/2015/10/Image2-1024x633.jpg]
[www.scullcom.uk/wp-content/uploads/2015/10/Image3.jpg]
[www.scullcom.uk/wp-content/uploads/2015/10/Barbouri_version-1024x586.jpg]
[www.scullcom.uk/wp-content/uploads/2015/10/Greg_PCB.jpg]
[www.scullcom.uk/wp-content/uploads/2015/10/Current_Source_circuit.jpg]
[www.scullcom.uk/wp-content/uploads/2015/10/Charge_Pump_and_Sense_circuit.jpg]
[www.scullcom.uk/wp-content/uploads/2015/10/PCB_components.jpg]
[www.scullcom.uk/wp-content/uploads/2015/10/Milliohm_Meter_PCB_ver1_5.jpg]
[www.scullcom.uk/design-build-a-milliohm-meter/_facebook]
[www.scullcom.uk/design-build-a-milliohm-meter/_twitter]
[www.scullcom.uk/design-build-a-milliohm-meter/_pinterest]
[www.scullcom.uk/design-build-a-milliohm-meter/index.html]
[www.scullcom.uk/design-build-6½-digit-millivolt-meter-part-4/index.html]
[www.scullcom.uk/design-build-a-milliohm-meter/indexa79a.html]
[www.scullcom.uk/design-build-a-6½-digit-millivolt-meter-part-3/index.html]
[www.scullcom.uk/design-build-a-milliohm-meter/indexdefb.html]
[www.scullcom.uk/design-build-a-6½-digit-millivolt-meter-part-2/index.html]
[www.scullcom.uk/design-build-a-milliohm-meter/index504c.html]
[www.scullcom.uk/design-build-6½-digit-millivolt-meter-part-1/index.html]
[www.scullcom.uk/design-build-a-milliohm-meter/index78b4.html]
[www.scullcom.uk/design-build-a-milliohm-meter/index9f18.html]
[www.scullcom.uk/design-build-a-milliohm-meter/index4cf3.html]
[www.scullcom.uk/design-build-a-milliohm-meter/index7714.html]
[www.scullcom.uk/wp-json/oembed/1.0/embed9acc.json]
[www.scullcom.uk/design-build-a-milliohm-meter/indexe29b.html]
[www.scullcom.uk/wp-json/oembed/1.0/embedcd7d]
[www.scullcom.uk/design-building-a-precision-voltage-reference-box/feed/index.html]
[www.scullcom.uk/design-build-a-milliohm-meter/index62de.html]
[www.scullcom.uk/wp-content/uploads/2016/03/pvrb-750x410.jpg]
[www.scullcom.uk/design-building-a-precision-voltage-reference-box/_pinterest]
[www.scullcom.uk/design-building-a-precision-voltage-reference-box/index.html]
[www.scullcom.uk/design-building-a-precision-voltage-reference-box/indexcc4b.html]
[www.scullcom.uk/design-building-a-precision-voltage-reference-box/indexa858.html]
[www.scullcom.uk/design-building-a-precision-voltage-reference-box/index71ae.html]
[www.scullcom.uk/wp-json/oembed/1.0/embedb1cf.json]
[www.scullcom.uk/39/feed/index.html]
[www.scullcom.uk/wp-json/oembed/1.0/embedb3dc]
[www.scullcom.uk/wp-content/uploads/2015/08/drok1-750x410.jpg]
[www.scullcom.uk/39/_pinterest]
[www.scullcom.uk/39/index.html]
[www.scullcom.uk/39/index094c.html]
[www.scullcom.uk/dc-dc-boost-converter-test-review/feed/index.html]
[www.scullcom.uk/wp-json/oembed/1.0/embedbda1.json]
[www.scullcom.uk/wp-json/oembed/1.0/embedd0bd]
[www.scullcom.uk/wp-content/uploads/2016/03/drok3-750x410.jpg]
[www.scullcom.uk/dc-dc-boost-converter-test-review/_pinterest]
[www.scullcom.uk/dc-dc-boost-converter-test-review/index.html]
[www.scullcom.uk/wp-json/oembed/1.0/embed3319.json]
[www.scullcom.uk/peak-electronic-design-zener-diode-analyzer/feed/index.html]
[www.scullcom.uk/wp-json/oembed/1.0/embed27c7]
[www.scullcom.uk/wp-content/uploads/2015/04/zen1-1-750x410.jpg]
[www.scullcom.uk/peak-electronic-design-zener-diode-analyzer/_pinterest]
[www.scullcom.uk/peak-electronic-design-zener-diode-analyzer/index.html]
[www.scullcom.uk/wp-json/oembed/1.0/embed7a07.json]
[www.scullcom.uk/keithley-225-current-source-review-teardown/feed/index.html]
[www.scullcom.uk/wp-json/oembed/1.0/embedbe79]
[www.scullcom.uk/wp-content/uploads/2016/03/k255ccs-750x410.jpg]
[www.scullcom.uk/keithley-225-current-source-review-teardown/_pinterest]
[www.scullcom.uk/keithley-225-current-source-review-teardown/index.html]
[www.scullcom.uk/wp-json/oembed/1.0/embededc7.json]
[www.scullcom.uk/keithley-225-current-source-review-teardown/indexb951.html]
[www.scullcom.uk/time-electronics-404s-404n-dc-millivolt-source-teardown-review/feed/index.html]
[www.scullcom.uk/wp-json/oembed/1.0/embed2e2d]
[www.scullcom.uk/wp-content/uploads/2016/03/te-750x410.jpg]
[www.scullcom.uk/time-electronics-404s-404n-dc-millivolt-source-teardown-review/_pinterest]
[www.scullcom.uk/time-electronics-404s-404n-dc-millivolt-source-teardown-review/index.html]
[www.scullcom.uk/time-electronics-404s-404n-dc-millivolt-source-teardown-review/index954a.html]
[www.scullcom.uk/time-electronics-404s-404n-dc-millivolt-source-teardown-review/index6944.html]
[www.scullcom.uk/wp-json/oembed/1.0/embedb0dd.json]
[www.scullcom.uk/fluke-8842a-digital-multimeter-review-teardown/feed/index.html]
[www.scullcom.uk/wp-json/oembed/1.0/embed7b25]
[www.scullcom.uk/wp-content/uploads/2016/03/f8842a-750x410.jpg]
[www.scullcom.uk/fluke-8842a-digital-multimeter-review-teardown/_pinterest]
[www.scullcom.uk/fluke-8842a-digital-multimeter-review-teardown/index.html]
[www.scullcom.uk/wp-json/oembed/1.0/embede606.json]
[www.scullcom.uk/thurlby-1905a-intelligent-digital-multimeter-review-teardown/feed/index.html]
[www.scullcom.uk/wp-json/oembed/1.0/embed2e9f]
[www.scullcom.uk/wp-content/uploads/2016/03/t1905a-750x410.jpg]
[www.scullcom.uk/thurlby-1905a-intelligent-digital-multimeter-review-teardown/_pinterest]
[www.scullcom.uk/thurlby-1905a-intelligent-digital-multimeter-review-teardown/index.html]
[www.scullcom.uk/wp-json/oembed/1.0/embedb8c9.json]
[www.scullcom.uk/thurlby-1905a-intelligent-digital-multimeter-review-teardown/index7653.html]
[www.scullcom.uk/datron-1065-autocal-digital-multimeter-review-teardown/feed/index.html]
[www.scullcom.uk/wp-json/oembed/1.0/embedba17]
[www.scullcom.uk/wp-content/uploads/2016/03/d1065-750x410.jpg]
[www.scullcom.uk/datron-1065-autocal-digital-multimeter-review-teardown/_pinterest]
[www.scullcom.uk/datron-1065-autocal-digital-multimeter-review-teardown/index.html]
[www.scullcom.uk/wp-json/oembed/1.0/embed871a.json]
[www.scullcom.uk/muirhead-d825g-decade-resistance-box-review-teardown/feed/index.html]
[www.scullcom.uk/wp-json/oembed/1.0/embeddfdd]
[www.scullcom.uk/wp-content/uploads/2016/03/md825g-750x410.jpg]
[www.scullcom.uk/muirhead-d825g-decade-resistance-box-review-teardown/_pinterest]
[www.scullcom.uk/muirhead-d825g-decade-resistance-box-review-teardown/index.html]
[www.scullcom.uk/category/reviews/page/2/index.html]
[www.scullcom.uk/muirhead-d825g-decade-resistance-box-review-teardown/index39ab.html]
[www.scullcom.uk/wp-json/oembed/1.0/embed63a5.json]
[www.scullcom.uk/philips-pm5127-function-generator-repair-teardown/feed/index.html]
[www.scullcom.uk/wp-json/oembed/1.0/embede138]
[www.scullcom.uk/philips-pm5127-function-generator-repair-teardown/_pinterest]
[www.scullcom.uk/philips-pm5127-function-generator-repair-teardown/index.html]
[www.scullcom.uk/wp-json/oembed/1.0/embedd8ad.json]
[www.scullcom.uk/sinclair-digital-multimeter-pdm35-teardown-also-micronta/feed/index.html]
[www.scullcom.uk/wp-json/oembed/1.0/embedfa99]
[www.scullcom.uk/wp-content/uploads/2016/03/pdm35-750x410.jpg]
[www.scullcom.uk/sinclair-digital-multimeter-pdm35-teardown-also-micronta/_pinterest]
[www.scullcom.uk/sinclair-digital-multimeter-pdm35-teardown-also-micronta/index.html]
[www.scullcom.uk/wp-json/oembed/1.0/embed40c2.json]
[www.scullcom.uk/keithley-197-digital-multimeter/feed/index.html]
[www.scullcom.uk/wp-json/oembed/1.0/embed36e0]
[www.scullcom.uk/wp-content/uploads/2015/03/k197-750x410.jpg]
[www.scullcom.uk/keithley-197-digital-multimeter/_pinterest]
[www.scullcom.uk/keithley-197-digital-multimeter/index.html]
[www.scullcom.uk/wp-json/oembed/1.0/embedab59.json]
[www.scullcom.uk/keithley-178-multimeter-teardown/feed/index.html]
[www.scullcom.uk/wp-json/oembed/1.0/embeda4af]
[www.scullcom.uk/wp-content/uploads/2016/03/k178-750x410.jpg]
[www.scullcom.uk/keithley-178-multimeter-teardown/_pinterest]
[www.scullcom.uk/keithley-178-multimeter-teardown/index.html]
[www.scullcom.uk/wp-json/oembed/1.0/embed7653.json]
[www.scullcom.uk/keithley-168-multimeter-teardown/feed/index.html]
[www.scullcom.uk/wp-json/oembed/1.0/embedf8f9]
[www.scullcom.uk/wp-content/uploads/2016/03/k168-750x410.jpg]
[www.scullcom.uk/keithley-168-multimeter-teardown/_pinterest]
[www.scullcom.uk/keithley-168-multimeter-teardown/index.html]
[www.scullcom.uk/category/teardowns/page/2/index.html]
[www.scullcom.uk/wp-json/oembed/1.0/embedab0f.json]
[www.scullcom.uk/making-your-own-pcb-the-easy-way/feed/index.html]
[www.scullcom.uk/wp-json/oembed/1.0/embedbbef]
[www.scullcom.uk/wp-content/uploads/2016/03/pcb1-750x410.jpg]
[www.scullcom.uk/making-your-own-pcb-the-easy-way/_pinterest]
[www.scullcom.uk/making-your-own-pcb-the-easy-way/index.html]
[www.scullcom.uk/making-your-own-pcb-the-easy-way/index5dd2.html]
[www.scullcom.uk/wp-json/oembed/1.0/embed5b43.json]
[www.scullcom.uk/operational-amplifier-op-amp/feed/index.html]
[www.scullcom.uk/wp-json/oembed/1.0/embed7d3c]
[www.scullcom.uk/wp-content/uploads/2016/03/OP_Amp_Symbol.jpg]
[www.scullcom.uk/wp-content/uploads/2016/03/OP_Amp_topology.jpg]
[www.scullcom.uk/wp-content/uploads/2016/03/Inverting_op_amp_gain.jpg]
[www.scullcom.uk/wp-content/uploads/2016/03/Non_inverting_op_amp_gain.jpg]
[www.scullcom.uk/wp-content/uploads/2016/03/OP_amp_buffer.jpg]
[www.scullcom.uk/operational-amplifier-op-amp/_facebook]
[www.scullcom.uk/operational-amplifier-op-amp/_twitter]
[www.scullcom.uk/operational-amplifier-op-amp/_pinterest]
[www.scullcom.uk/operational-amplifier-op-amp/index.html]
[www.scullcom.uk/wp-json/oembed/1.0/embed15f2.json]
[www.scullcom.uk/resistor-basics/feed/index.html]
[www.scullcom.uk/wp-json/oembed/1.0/embed1acb]
[www.scullcom.uk/wp-content/uploads/2016/03/Resistor_Colour_Code-711x1024.jpg]
[www.scullcom.uk/resistor-basics/_pinterest]
[www.scullcom.uk/resistor-basics/index.html]
[www.scullcom.uk/indexdd23.html]
[www.scullcom.uk/about/_facebook.html]
[www.scullcom.uk/about/_twitter.html]
[www.scullcom.uk/about/_pinterest.html]
[www.scullcom.uk/index9982.html]
[www.scullcom.uk/xmlrpc.php]
[www.scullcom.uk/function-generator-mk2/_pinterest.html]
[www.scullcom.uk/function-generator-mk2/index8ba8.html]
[www.scullcom.uk/function-generator-mk2/index5b55.html]
[www.scullcom.uk/function-generator-mk2/index8a4a.html]
[www.scullcom.uk/function-generator-mk2/index3edb.html]
[www.scullcom.uk/function-generator-mk2/index25f9.html]
[www.scullcom.uk/function-generator-mk2/index9975.html]
[www.scullcom.uk/function-generator-mk2/indexe49c.html]
[www.scullcom.uk/function-generator-mk2/indexaefa.html]
[www.scullcom.uk/function-generator-mk2/index2022.html]
[www.scullcom.uk/function-generator-mk2/index7ddb.html]
[www.scullcom.uk/function-generator-mk2/indexdb40.html]
[www.scullcom.uk/wp-includes/js/comment-reply.min6959.js]
[www.scullcom.uk/wp-content/plugins/akismet/_inc/form05da.js]
[www.scullcom.uk/indexbbbc.html]
[www.scullcom.uk/dc-voltage-calibrator/_pinterest.html]
[www.scullcom.uk/dc-voltage-calibrator/indexfdcf.html]
[www.scullcom.uk/dc-voltage-calibrator/index0843.html]
[www.scullcom.uk/dc-voltage-calibrator/index3e91.html]
[www.scullcom.uk/dc-voltage-calibrator/index42c3.html]
[www.scullcom.uk/dc-voltage-calibrator/index78d9.html]
[www.scullcom.uk/dc-voltage-calibrator/index1a4b.html]
[www.scullcom.uk/dc-voltage-calibrator/index4bde.html]
[www.scullcom.uk/dc-voltage-calibrator/indexc978.html]
[www.scullcom.uk/dc-voltage-calibrator/indexfec0.html]
[www.scullcom.uk/dc-voltage-calibrator/index610f.html]
[www.scullcom.uk/dc-voltage-calibrator/indexb908.html]
[www.scullcom.uk/dc-voltage-calibrator/indexb993.html]
[www.scullcom.uk/dc-voltage-calibrator/indexe954.html]
[www.scullcom.uk/dc-voltage-calibrator/index21fc.html]
[www.scullcom.uk/dc-voltage-calibrator/index4106.html]
[www.scullcom.uk/dc-voltage-calibrator/index19ed.html]
[www.scullcom.uk/dc-voltage-calibrator/index77c0.html]
[www.scullcom.uk/dc-voltage-calibrator/indexfbe0.html]
[www.scullcom.uk/dc-voltage-calibrator/index51fc.html]
[www.scullcom.uk/dc-voltage-calibrator/indexf03b.html]
[www.scullcom.uk/dc-voltage-calibrator/index9ac6.html]
[www.scullcom.uk/dc-voltage-calibrator/indexf61c.html]
[www.scullcom.uk/dc-voltage-calibrator/indexfa02.html]
[www.scullcom.uk/dc-voltage-calibrator/index0d12.html]
[www.scullcom.uk/dc-voltage-calibrator/index1aea.html]
[www.scullcom.uk/dc-voltage-calibrator/index583a.html]
[www.scullcom.uk/dc-voltage-calibrator/indexfd52.html]
[www.scullcom.uk/dc-voltage-calibrator/index987c.html]
[www.scullcom.uk/dc-voltage-calibrator/index327a.html]
[www.scullcom.uk/dc-voltage-calibrator/index27e8.html]
[www.scullcom.uk/dc-voltage-calibrator/index6c49.html]
[www.scullcom.uk/dc-voltage-calibrator/index9f02.html]
[www.scullcom.uk/dc-voltage-calibrator/index802f.html]
[www.scullcom.uk/dc-voltage-calibrator/index663c.html]
[www.scullcom.uk/dc-voltage-calibrator/index5fa0.html]
[www.scullcom.uk/dc-voltage-calibrator/index64d8.html]
[www.scullcom.uk/dc-voltage-calibrator/index8190.html]
[www.scullcom.uk/dc-voltage-calibrator/indexe5b1.html]
[www.scullcom.uk/dc-voltage-calibrator/indexab5f.html]
[www.scullcom.uk/dc-voltage-calibrator/indexcfb3.html]
[www.scullcom.uk/dc-voltage-calibrator/index3359.html]
[www.scullcom.uk/dc-voltage-calibrator/index6a15.html]
[www.scullcom.uk/dc-voltage-calibrator/index4c43.html]
[www.scullcom.uk/dc-voltage-calibrator/index24b3.html]
[www.scullcom.uk/index9d51.html]
[www.scullcom.uk/build-a-sinclair-zx80-clone/_pinterest.html]
[www.scullcom.uk/index0ed6.html]
[www.scullcom.uk/design-build-an-electronic-dc-load-part-1/_facebook.html]
[www.scullcom.uk/design-build-an-electronic-dc-load-part-1/_twitter.html]
[www.scullcom.uk/design-build-an-electronic-dc-load-part-1/_pinterest.html]
[www.scullcom.uk/design-build-an-electronic-dc-load-part-1/index5a86.html]
[www.scullcom.uk/design-build-an-electronic-dc-load-part-1/index7c98.html]
[www.scullcom.uk/design-build-an-electronic-dc-load-part-1/index9095.html]
[www.scullcom.uk/design-build-an-electronic-dc-load-part-1/indexd21f.html]
[www.scullcom.uk/design-build-an-electronic-dc-load-part-1/indexb600.html]
[www.scullcom.uk/design-build-an-electronic-dc-load-part-1/index3965.html]
[www.scullcom.uk/design-build-an-electronic-dc-load-part-1/index38ef.html]
[www.scullcom.uk/design-build-an-electronic-dc-load-part-1/index06b6.html]
[www.scullcom.uk/design-build-an-electronic-dc-load-part-1/indexec27.html]
[www.scullcom.uk/design-build-an-electronic-dc-load-part-1/index3d09.html]
[www.scullcom.uk/design-build-an-electronic-dc-load-part-1/index5cd6.html]
[www.scullcom.uk/design-build-an-electronic-dc-load-part-1/indexc916.html]
[www.scullcom.uk/design-build-an-electronic-dc-load-part-1/index5785.html]
[www.scullcom.uk/design-build-an-electronic-dc-load-part-1/indexa2f2.html]
[www.scullcom.uk/design-build-an-electronic-dc-load-part-1/indexbed3.html]
[www.scullcom.uk/design-build-an-electronic-dc-load-part-1/index0a88.html]
[www.scullcom.uk/design-build-an-electronic-dc-load-part-1/index9e16.html]
[www.scullcom.uk/design-build-an-electronic-dc-load-part-1/indexed49.html]
[www.scullcom.uk/design-build-an-electronic-dc-load-part-1/index7935.html]
[www.scullcom.uk/design-build-an-electronic-dc-load-part-1/index71fb.html]
[www.scullcom.uk/design-build-an-electronic-dc-load-part-1/indexb621.html]
[www.scullcom.uk/design-build-an-electronic-dc-load-part-1/index1bd8.html]
[www.scullcom.uk/design-build-an-electronic-dc-load-part-1/index129f.html]
[www.scullcom.uk/design-build-an-electronic-dc-load-part-1/indexbbac.html]
[www.scullcom.uk/design-build-an-electronic-dc-load-part-1/indexa129.html]
[www.scullcom.uk/design-build-an-electronic-dc-load-part-1/indexf0f0.html]
[www.scullcom.uk/design-build-an-electronic-dc-load-part-1/indexbde5.html]
[www.scullcom.uk/design-build-an-electronic-dc-load-part-1/index6fab.html]
[www.scullcom.uk/design-build-an-electronic-dc-load-part-1/index34f9.html]
[www.scullcom.uk/design-build-an-electronic-dc-load-part-1/indexdb9d.html]
[www.scullcom.uk/design-build-an-electronic-dc-load-part-1/indexd61b.html]
[www.scullcom.uk/design-build-an-electronic-dc-load-part-1/index118b.html]
[www.scullcom.uk/design-build-an-electronic-dc-load-part-1/indexdb5d.html]
[www.scullcom.uk/design-build-an-electronic-dc-load-part-1/index46e3.html]
[www.scullcom.uk/design-build-an-electronic-dc-load-part-1/index7693.html]
[www.scullcom.uk/design-build-an-electronic-dc-load-part-1/index2e08.html]
[www.scullcom.uk/design-build-an-electronic-dc-load-part-1/index8410.html]
[www.scullcom.uk/design-build-an-electronic-dc-load-part-1/index3ed4.html]
[www.scullcom.uk/design-build-an-electronic-dc-load-part-1/index194d.html]
[www.scullcom.uk/design-build-an-electronic-dc-load-part-1/index8009.html]
[www.scullcom.uk/design-build-an-electronic-dc-load-part-1/indexb147.html]
[www.scullcom.uk/design-build-an-electronic-dc-load-part-1/indexaf49.html]
[www.scullcom.uk/design-build-an-electronic-dc-load-part-1/index4d29.html]
[www.scullcom.uk/design-build-an-electronic-dc-load-part-1/index6a51.html]
[www.scullcom.uk/design-build-an-electronic-dc-load-part-1/index3b10.html]
[www.scullcom.uk/design-build-an-electronic-dc-load-part-1/indexcb29.html]
[www.scullcom.uk/design-build-an-electronic-dc-load-part-1/index7207.html]
[www.scullcom.uk/design-build-an-electronic-dc-load-part-1/index3518.html]
[www.scullcom.uk/design-build-an-electronic-dc-load-part-1/index6c56.html]
[www.scullcom.uk/design-build-an-electronic-dc-load-part-1/indexbaca.html]
[www.scullcom.uk/design-build-an-electronic-dc-load-part-1/index3721.html]
[www.scullcom.uk/design-build-an-electronic-dc-load-part-1/index7e15.html]
[www.scullcom.uk/design-build-an-electronic-dc-load-part-1/index8033.html]
[www.scullcom.uk/design-build-an-electronic-dc-load-part-1/indexffb9.html]
[www.scullcom.uk/design-build-an-electronic-dc-load-part-1/index4ddf.html]
[www.scullcom.uk/design-build-an-electronic-dc-load-part-1/index10e6.html]
[www.scullcom.uk/design-build-an-electronic-dc-load-part-1/index4c69.html]
[www.scullcom.uk/design-build-an-electronic-dc-load-part-1/index6b9a.html]
[www.scullcom.uk/design-build-an-electronic-dc-load-part-1/index3026.html]
[www.scullcom.uk/design-build-an-electronic-dc-load-part-1/index4e2e.html]
[www.scullcom.uk/design-build-an-electronic-dc-load-part-1/index57d3.html]
[www.scullcom.uk/design-build-an-electronic-dc-load-part-1/index8b90.html]
[www.scullcom.uk/design-build-an-electronic-dc-load-part-1/index7c3f.html]
[www.scullcom.uk/design-build-an-electronic-dc-load-part-1/index9ac4.html]
[www.scullcom.uk/design-build-an-electronic-dc-load-part-1/indexf3e0.html]
[www.scullcom.uk/design-build-an-electronic-dc-load-part-1/index2ecf.html]
[www.scullcom.uk/design-build-an-electronic-dc-load-part-1/indexcb15.html]
[www.scullcom.uk/design-build-an-electronic-dc-load-part-1/indexc36c.html]
[www.scullcom.uk/design-build-an-electronic-dc-load-part-1/indexe3f2.html]
[www.scullcom.uk/design-build-an-electronic-dc-load-part-1/index9e40.html]
[www.scullcom.uk/design-build-an-electronic-dc-load-part-1/index8f35.html]
[www.scullcom.uk/design-build-an-electronic-dc-load-part-1/index640a.html]
[www.scullcom.uk/design-build-an-electronic-dc-load-part-1/index032b.html]
[www.scullcom.uk/design-build-an-electronic-dc-load-part-1/index6f76.html]
[www.scullcom.uk/design-build-an-electronic-dc-load-part-1/index816f.html]
[www.scullcom.uk/design-build-an-electronic-dc-load-part-1/indexca59.html]
[www.scullcom.uk/design-build-an-electronic-dc-load-part-1/index3db2.html]
[www.scullcom.uk/design-build-an-electronic-dc-load-part-1/indexa518.html]
[www.scullcom.uk/design-build-an-electronic-dc-load-part-1/indexc358.html]
[www.scullcom.uk/design-build-an-electronic-dc-load-part-1/index1884.html]
[www.scullcom.uk/design-build-an-electronic-dc-load-part-1/indexef25.html]
[www.scullcom.uk/design-build-an-electronic-dc-load-part-1/index1401.html]
[www.scullcom.uk/design-build-an-electronic-dc-load-part-1/index0bbd.html]
[www.scullcom.uk/design-build-an-electronic-dc-load-part-1/index39ee.html]
[www.scullcom.uk/design-build-an-electronic-dc-load-part-1/index6126.html]
[www.scullcom.uk/design-build-an-electronic-dc-load-part-1/index1ba8.html]
[www.scullcom.uk/design-build-an-electronic-dc-load-part-1/indexd44c.html]
[www.scullcom.uk/design-build-an-electronic-dc-load-part-1/index3d23.html]
[www.scullcom.uk/design-build-an-electronic-dc-load-part-1/index2c01.html]
[www.scullcom.uk/design-build-an-electronic-dc-load-part-1/index6994.html]
[www.scullcom.uk/design-build-an-electronic-dc-load-part-1/index24ba.html]
[www.scullcom.uk/design-build-an-electronic-dc-load-part-1/indexfbcf.html]
[www.scullcom.uk/design-build-an-electronic-dc-load-part-1/indexd732.html]
[www.scullcom.uk/design-build-an-electronic-dc-load-part-1/indexeb13.html]
[www.scullcom.uk/design-build-an-electronic-dc-load-part-1/indexfeb7.html]
[www.scullcom.uk/design-build-an-electronic-dc-load-part-1/indexb61b.html]
[www.scullcom.uk/design-build-an-electronic-dc-load-part-1/indexcdf6.html]
[www.scullcom.uk/design-build-an-electronic-dc-load-part-1/index46e3-2.html]
[www.scullcom.uk/design-build-an-electronic-dc-load-part-1/indexd28e.html]
[www.scullcom.uk/design-build-an-electronic-dc-load-part-1/index749e.html]
[www.scullcom.uk/design-build-an-electronic-dc-load-part-1/index79f0.html]
[www.scullcom.uk/design-build-an-electronic-dc-load-part-1/indexa56d.html]
[www.scullcom.uk/design-build-an-electronic-dc-load-part-1/index4ca9.html]
[www.scullcom.uk/design-build-an-electronic-dc-load-part-1/indexa68c.html]
[www.scullcom.uk/design-build-an-electronic-dc-load-part-1/index32cf.html]
[www.scullcom.uk/design-build-an-electronic-dc-load-part-1/indexa3d0.html]
[www.scullcom.uk/design-build-an-electronic-dc-load-part-1/index823b.html]
[www.scullcom.uk/design-build-an-electronic-dc-load-part-1/index28d0.html]
[www.scullcom.uk/design-build-an-electronic-dc-load-part-1/index71ce.html]
[www.scullcom.uk/design-build-an-electronic-dc-load-part-1/index5eb7.html]
[www.scullcom.uk/design-build-an-electronic-dc-load-part-1/index37b6.html]
[www.scullcom.uk/design-build-an-electronic-dc-load-part-1/indexcb1e.html]
[www.scullcom.uk/design-build-an-electronic-dc-load-part-1/index8074.html]
[www.scullcom.uk/design-build-an-electronic-dc-load-part-1/index8dd1.html]
[www.scullcom.uk/design-build-an-electronic-dc-load-part-1/index51f2.html]
[www.scullcom.uk/design-build-an-electronic-dc-load-part-1/index5bfa.html]
[www.scullcom.uk/design-build-an-electronic-dc-load-part-1/index6fb6.html]
[www.scullcom.uk/design-build-an-electronic-dc-load-part-1/index800a.html]
[www.scullcom.uk/design-build-an-electronic-dc-load-part-1/index457f.html]
[www.scullcom.uk/design-build-an-electronic-dc-load-part-1/indexc771.html]
[www.scullcom.uk/design-build-an-electronic-dc-load-part-1/index56b2.html]
[www.scullcom.uk/design-build-an-electronic-dc-load-part-1/index5d39.html]
[www.scullcom.uk/design-build-an-electronic-dc-load-part-1/index1679.html]
[www.scullcom.uk/design-build-an-electronic-dc-load-part-1/indexd051.html]
[www.scullcom.uk/design-build-an-electronic-dc-load-part-1/indexc19c.html]
[www.scullcom.uk/design-build-an-electronic-dc-load-part-1/indexede1.html]
[www.scullcom.uk/design-build-an-electronic-dc-load-part-1/indexaf71.html]
[www.scullcom.uk/design-build-an-electronic-dc-load-part-1/indexb90e.html]
[www.scullcom.uk/design-build-an-electronic-dc-load-part-1/index9191.html]
[www.scullcom.uk/design-build-an-electronic-dc-load-part-1/index9821.html]
[www.scullcom.uk/design-build-an-electronic-dc-load-part-1/index9a29.html]
[www.scullcom.uk/design-build-an-electronic-dc-load-part-1/indexe953.html]
[www.scullcom.uk/design-build-an-electronic-dc-load-part-1/indexe543.html]
[www.scullcom.uk/design-build-an-electronic-dc-load-part-1/indexe972.html]
[www.scullcom.uk/design-build-an-electronic-dc-load-part-1/indexe6fc.html]
[www.scullcom.uk/design-build-an-electronic-dc-load-part-1/index8af3.html]
[www.scullcom.uk/design-build-an-electronic-dc-load-part-1/indexbe21.html]
[www.scullcom.uk/design-build-an-electronic-dc-load-part-1/index5972.html]
[www.scullcom.uk/design-build-an-electronic-dc-load-part-1/index3bc8.html]
[www.scullcom.uk/design-build-an-electronic-dc-load-part-1/index7a35.html]
[www.scullcom.uk/design-build-an-electronic-dc-load-part-1/indexaef1.html]
[www.scullcom.uk/design-build-an-electronic-dc-load-part-1/index446c.html]
[www.scullcom.uk/design-build-an-electronic-dc-load-part-1/index9b66.html]
[www.scullcom.uk/design-build-an-electronic-dc-load-part-1/index18e6.html]
[www.scullcom.uk/design-build-an-electronic-dc-load-part-1/index223d.html]
[www.scullcom.uk/design-build-an-electronic-dc-load-part-1/index784e.html]
[www.scullcom.uk/design-build-an-electronic-dc-load-part-1/index461a.html]
[www.scullcom.uk/design-build-an-electronic-dc-load-part-1/indexa1d4.html]
[www.scullcom.uk/design-build-an-electronic-dc-load-part-1/indexc7b6.html]
[www.scullcom.uk/design-build-an-electronic-dc-load-part-1/indexa764.html]
[www.scullcom.uk/design-build-an-electronic-dc-load-part-1/index7e81.html]
[www.scullcom.uk/design-build-an-electronic-dc-load-part-1/index70dc.html]
[www.scullcom.uk/design-build-an-electronic-dc-load-part-1/index16cc.html]
[www.scullcom.uk/design-build-an-electronic-dc-load-part-1/index1390.html]
[www.scullcom.uk/design-build-an-electronic-dc-load-part-1/index2f8e.html]
[www.scullcom.uk/design-build-an-electronic-dc-load-part-1/index6b2e.html]
[www.scullcom.uk/design-build-an-electronic-dc-load-part-1/indexfd0a.html]
[www.scullcom.uk/design-build-an-electronic-dc-load-part-1/indexe3e4.html]
[www.scullcom.uk/design-build-an-electronic-dc-load-part-1/index0800.html]
[www.scullcom.uk/design-build-an-electronic-dc-load-part-1/index883c.html]
[www.scullcom.uk/design-build-an-electronic-dc-load-part-1/indexeb0a.html]
[www.scullcom.uk/design-build-an-electronic-dc-load-part-1/index9ad0.html]
[www.scullcom.uk/design-build-an-electronic-dc-load-part-1/index54af.html]
[www.scullcom.uk/design-build-an-electronic-dc-load-part-1/index960b.html]
[www.scullcom.uk/design-build-an-electronic-dc-load-part-1/indexd0a2.html]
[www.scullcom.uk/design-build-an-electronic-dc-load-part-1/indexba76.html]
[www.scullcom.uk/design-build-an-electronic-dc-load-part-1/index00b2.html]
[www.scullcom.uk/design-build-an-electronic-dc-load-part-1/index24e9.html]
[www.scullcom.uk/design-build-an-electronic-dc-load-part-1/indexf8e8.html]
[www.scullcom.uk/design-build-an-electronic-dc-load-part-1/indexa1a0.html]
[www.scullcom.uk/design-build-an-electronic-dc-load-part-1/index7875.html]
[www.scullcom.uk/design-build-an-electronic-dc-load-part-1/index6a36.html]
[www.scullcom.uk/design-build-an-electronic-dc-load-part-1/indexaf7f.html]
[www.scullcom.uk/design-build-an-electronic-dc-load-part-1/indexf4fc.html]
[www.scullcom.uk/design-build-an-electronic-dc-load-part-1/indexd361.html]
[www.scullcom.uk/design-build-an-electronic-dc-load-part-1/index8e31.html]
[www.scullcom.uk/design-build-an-electronic-dc-load-part-1/index4705.html]
[www.scullcom.uk/design-build-an-electronic-dc-load-part-1/index5b38.html]
[www.scullcom.uk/design-build-an-electronic-dc-load-part-1/index1abf.html]
[www.scullcom.uk/design-build-an-electronic-dc-load-part-1/index43c5.html]
[www.scullcom.uk/design-build-an-electronic-dc-load-part-1/index16e2.html]
[www.scullcom.uk/design-build-an-electronic-dc-load-part-1/indexb451.html]
[www.scullcom.uk/design-build-an-electronic-dc-load-part-1/index1088.html]
[www.scullcom.uk/design-build-an-electronic-dc-load-part-1/indexa141.html]
[www.scullcom.uk/design-build-an-electronic-dc-load-part-1/index43d1.html]
[www.scullcom.uk/design-build-an-electronic-dc-load-part-1/indexadd3.html]
[www.scullcom.uk/design-build-an-electronic-dc-load-part-1/indexfb3d.html]
[www.scullcom.uk/design-build-an-electronic-dc-load-part-1/index7321.html]
[www.scullcom.uk/design-build-an-electronic-dc-load-part-1/index64ab.html]
[www.scullcom.uk/design-build-an-electronic-dc-load-part-1/index5a95.html]
[www.scullcom.uk/design-build-an-electronic-dc-load-part-1/indexcb78.html]
[www.scullcom.uk/design-build-an-electronic-dc-load-part-1/index8d5c.html]
[www.scullcom.uk/design-build-an-electronic-dc-load-part-1/index1eec.html]
[www.scullcom.uk/design-build-an-electronic-dc-load-part-1/index003a.html]
[www.scullcom.uk/design-build-an-electronic-dc-load-part-1/index8a01.html]
[www.scullcom.uk/design-build-an-electronic-dc-load-part-1/index0c0b.html]
[www.scullcom.uk/design-build-an-electronic-dc-load-part-1/indexc299.html]
[www.scullcom.uk/design-build-an-electronic-dc-load-part-1/index2fd7.html]
[www.scullcom.uk/design-build-an-electronic-dc-load-part-1/index6f2c.html]
[www.scullcom.uk/design-build-an-electronic-dc-load-part-1/indexd4c9.html]
[www.scullcom.uk/design-build-an-electronic-dc-load-part-1/indexb790.html]
[www.scullcom.uk/design-build-an-electronic-dc-load-part-1/index094a.html]
[www.scullcom.uk/indexffa6.html]
[www.scullcom.uk/millivolt-meter-mk2/_pinterest.html]
[www.scullcom.uk/millivolt-meter-mk2/indexf970.html]
[www.scullcom.uk/millivolt-meter-mk2/index2166.html]
[www.scullcom.uk/millivolt-meter-mk2/indexa3c0.html]
[www.scullcom.uk/millivolt-meter-mk2/indexe1d3.html]
[www.scullcom.uk/millivolt-meter-mk2/index74ab.html]
[www.scullcom.uk/millivolt-meter-mk2/indexbb12.html]
[www.scullcom.uk/author/louis/page/2/index.html]
[www.scullcom.uk/author/louis/page/5/index.html]
[www.scullcom.uk/index2e64.html]
[www.scullcom.uk/milliohm-meter-update/_pinterest.html]
[www.scullcom.uk/indexe8d3.html]
[www.scullcom.uk/design-build-a-pulse-generator-part-1/_facebook.html]
[www.scullcom.uk/design-build-a-pulse-generator-part-1/_twitter.html]
[www.scullcom.uk/design-build-a-pulse-generator-part-1/_pinterest.html]
[www.scullcom.uk/design-build-a-pulse-generator-part-1/index04d3.html]
[www.scullcom.uk/design-build-a-pulse-generator-part-1/indexaec8.html]
[www.scullcom.uk/design-build-a-pulse-generator-part-1/index2788.html]
[www.scullcom.uk/design-build-a-pulse-generator-part-1/indexb3d4.html]
[www.scullcom.uk/design-build-a-pulse-generator-part-1/indexae56.html]
[www.scullcom.uk/design-build-a-pulse-generator-part-1/index54f0.html]
[www.scullcom.uk/indexd06c.html]
[www.scullcom.uk/design-build-a-stair-step-waveform-generator/_pinterest.html]
[www.scullcom.uk/design-build-a-stair-step-waveform-generator/index1b7b.html]
[www.scullcom.uk/design-build-a-stair-step-waveform-generator/index83b4.html]
[www.scullcom.uk/design-build-a-stair-step-waveform-generator/index013a.html]
[www.scullcom.uk/design-build-a-stair-step-waveform-generator/index1f32.html]
[www.scullcom.uk/indexf47a.html]
[www.scullcom.uk/design-build-a-low-current-reference-source/_pinterest.html]
[www.scullcom.uk/design-build-a-low-current-reference-source/indexb7c1.html]
[www.scullcom.uk/indexc807.html]
[www.scullcom.uk/design-build-a-gps-locked-frequency-standard-part-4/_facebook.html]
[www.scullcom.uk/design-build-a-gps-locked-frequency-standard-part-4/_twitter.html]
[www.scullcom.uk/design-build-a-gps-locked-frequency-standard-part-4/_pinterest.html]
[www.scullcom.uk/design-build-a-gps-locked-frequency-standard-part-4/index0e22.html]
[www.scullcom.uk/design-build-a-gps-locked-frequency-standard-part-4/index8e42.html]
[www.scullcom.uk/design-build-a-gps-locked-frequency-standard-part-4/index28b4.html]
[www.scullcom.uk/design-build-a-gps-locked-frequency-standard-part-4/index3094.html]
[www.scullcom.uk/design-build-a-gps-locked-frequency-standard-part-4/index41b7.html]
[www.scullcom.uk/design-build-a-gps-locked-frequency-standard-part-4/index8528.html]
[www.scullcom.uk/design-build-a-gps-locked-frequency-standard-part-4/index745d.html]
[www.scullcom.uk/design-build-a-gps-locked-frequency-standard-part-4/indexfaf1.html]
[www.scullcom.uk/design-build-a-gps-locked-frequency-standard-part-4/index1dff.html]
[www.scullcom.uk/design-build-a-gps-locked-frequency-standard-part-4/index740f.html]
[www.scullcom.uk/design-build-a-gps-locked-frequency-standard-part-4/index172f.html]
[www.scullcom.uk/author/louis/page/3/index.html]
[www.scullcom.uk/design-build-a-gps-locked-frequency-standard-part-4/indexdcee.html]
[www.scullcom.uk/design-build-a-gps-locked-frequency-standard-part-4/index786f.html]
[www.scullcom.uk/design-build-a-gps-locked-frequency-standard-part-4/index616c.html]
[www.scullcom.uk/design-build-a-gps-locked-frequency-standard-part-4/index027c.html]
[www.scullcom.uk/author/louis/page/4/index.html]
[www.scullcom.uk/design-build-a-gps-locked-frequency-standard-part-4/index22d1.html]
[www.scullcom.uk/design-build-a-gps-locked-frequency-standard-part-4/index3171.html]
[www.scullcom.uk/design-build-a-gps-locked-frequency-standard-part-4/index61d3.html]
[www.scullcom.uk/design-build-a-gps-locked-frequency-standard-part-4/index4a14.html]
[www.scullcom.uk/design-build-a-gps-locked-frequency-standard-part-4/indexf4c0.html]
[www.scullcom.uk/design-build-a-gps-locked-frequency-standard-part-4/indexc024.html]
[www.scullcom.uk/design-build-a-gps-locked-frequency-standard-part-4/indexd78a.html]
[www.scullcom.uk/design-build-a-gps-locked-frequency-standard-part-4/index20e7.html]
[www.scullcom.uk/design-build-a-gps-locked-frequency-standard-part-4/index31b8.html]
[www.scullcom.uk/design-build-a-gps-locked-frequency-standard-part-4/index8477.html]
[www.scullcom.uk/design-build-a-gps-locked-frequency-standard-part-4/index8351.html]
[www.scullcom.uk/design-build-a-gps-locked-frequency-standard-part-4/index4c3e.html]
[www.scullcom.uk/design-build-a-gps-locked-frequency-standard-part-4/index8245.html]
[www.scullcom.uk/design-build-a-gps-locked-frequency-standard-part-4/index0ec2.html]
[www.scullcom.uk/design-build-a-gps-locked-frequency-standard-part-4/index2485.html]
[www.scullcom.uk/page/3/index.html]
[www.scullcom.uk/wp-json/oembed/1.0/embed8f80.json]
[www.scullcom.uk/keithley-175a-multimeter-review-teardown/feed/index.html]
[www.scullcom.uk/wp-json/oembed/1.0/embed2880]
[www.scullcom.uk/wp-content/uploads/2016/03/k175a-750x410.jpg]
[www.scullcom.uk/keithley-175a-multimeter-review-teardown/_pinterest]
[www.scullcom.uk/keithley-175a-multimeter-review-teardown/index.html]
[www.scullcom.uk/wp-json/oembed/1.0/embed90dd.json]
[www.scullcom.uk/imax-b6ac-genuine-viz-fake-review-teardown/feed/index.html]
[www.scullcom.uk/wp-json/oembed/1.0/embed4e69]
[www.scullcom.uk/wp-content/uploads/2016/03/imaxb6ac-750x410.jpg]
[www.scullcom.uk/imax-b6ac-genuine-viz-fake-review-teardown/_pinterest]
[www.scullcom.uk/imax-b6ac-genuine-viz-fake-review-teardown/index.html]
[www.scullcom.uk/page/4/index.html]
[www.scullcom.uk/wp-json/oembed/1.0/embed258f.json]
[www.scullcom.uk/drok-dc-to-dc-converter-upgrade/feed/index.html]
[www.scullcom.uk/wp-json/oembed/1.0/embed8f3c]
[www.scullcom.uk/wp-content/uploads/2016/03/drok2-750x410.jpg]
[www.scullcom.uk/drok-dc-to-dc-converter-upgrade/_pinterest]
[www.scullcom.uk/drok-dc-to-dc-converter-upgrade/index.html]
[www.scullcom.uk/wp-content/plugins/better-wp-security/core/modules/strong-passwords/js/scriptb618.js]
[www.scullcom.uk/wp-content/plugins/advanced-nocaptcha-recaptcha/style/style6959.css]
[www.scullcom.uk/wp-login0ddc.html]
[www.scullcom.uk/wp-loginc2b6.html]
[www.scullcom.uk/index4ab3.html]
[www.scullcom.uk/upgrade-to-5-volt-precision-reference-standard-part-2/_pinterest.html]
[www.scullcom.uk/upgrade-to-5-volt-precision-reference-standard-part-2/indexfc06.html]
[www.scullcom.uk/upgrade-to-5-volt-precision-reference-standard-part-2/indexa82a.html]
[www.scullcom.uk/index9c49.html]
[www.scullcom.uk/5-volt-precision-reference-standard-upgrade-part-1/_pinterest.html]
[www.scullcom.uk/index9469.html]
[www.scullcom.uk/design-build-5-volt-reference-standard/_pinterest.html]
[www.scullcom.uk/index248a.html]
[www.scullcom.uk/building-a-constant-current-source-box/_pinterest.html]
[www.scullcom.uk/building-a-constant-current-source-box/indexa629.html]
[www.scullcom.uk/building-a-constant-current-source-box/index4f67.html]
[www.scullcom.uk/building-a-constant-current-source-box/indexf52b.html]
[www.scullcom.uk/building-a-constant-current-source-box/index3411.html]
[www.scullcom.uk/building-a-constant-current-source-box/indexba62.html]
[www.scullcom.uk/building-a-constant-current-source-box/index10ce.html]
[www.scullcom.uk/building-a-constant-current-source-box/indexdf58.html]
[www.scullcom.uk/building-a-constant-current-source-box/indexacc6.html]
[www.scullcom.uk/index8320.html]
[www.scullcom.uk/build-a-pcb-uv-exposure-unit/_pinterest.html]
[www.scullcom.uk/index6cf3.html]
[www.scullcom.uk/design-build-a-gps-locked-frequency-standard-part-3/_pinterest.html]
[www.scullcom.uk/design-build-a-gps-locked-frequency-standard-part-3/index267f.html]
[www.scullcom.uk/design-build-a-gps-locked-frequency-standard-part-3/index6f0d.html]
[www.scullcom.uk/design-build-a-gps-locked-frequency-standard-part-3/indexa2b6.html]
[www.scullcom.uk/indexcff1.html]
[www.scullcom.uk/hello-world/_pinterest.html]
[www.scullcom.uk/hello-world/indexcff9.html]
[www.scullcom.uk/index5831.html]
[www.scullcom.uk/design-build-a-gps-locked-frequency-reference-standard-part-1/_pinterest.html]
[www.scullcom.uk/design-build-a-gps-locked-frequency-reference-standard-part-1/indexa3a3.html]
[www.scullcom.uk/design-build-a-gps-locked-frequency-reference-standard-part-1/index21e4.html]
[www.scullcom.uk/design-build-a-gps-locked-frequency-reference-standard-part-1/index0c48.html]
[www.scullcom.uk/design-build-a-gps-locked-frequency-reference-standard-part-1/indexed6e.html]
[www.scullcom.uk/design-build-a-gps-locked-frequency-reference-standard-part-1/index87d0.html]
[www.scullcom.uk/index30a5.html]
[www.scullcom.uk/build-a-function-generator-part-3/_pinterest.html]
[www.scullcom.uk/build-a-function-generator-part-3/index06ab.html]
[www.scullcom.uk/build-a-function-generator-part-3/index61aa.html]
[www.scullcom.uk/build-a-function-generator-part-3/indexb901.html]
[www.scullcom.uk/build-a-function-generator-part-3/indexf73b.html]
[www.scullcom.uk/build-a-function-generator-part-3/index2096.html]
[www.scullcom.uk/build-a-function-generator-part-3/indexb879.html]
[www.scullcom.uk/build-a-function-generator-part-3/index7810.html]
[www.scullcom.uk/index2c90.html]
[www.scullcom.uk/build-a-function-generator-part-2/_pinterest.html]
[www.scullcom.uk/indexb8c4.html]
[www.scullcom.uk/build-a-function-generator-part-1/_pinterest.html]
[www.scullcom.uk/indexf4d1.html]
[www.scullcom.uk/precision-voltage-reference-modules/_pinterest.html]
[www.scullcom.uk/precision-voltage-reference-modules/index6c19.html]
[www.scullcom.uk/index87e6.html]
[www.scullcom.uk/gps-system-with-arduino-mini-oled-display/_pinterest.html]
[www.scullcom.uk/gps-system-with-arduino-mini-oled-display/index2320.html]
[www.scullcom.uk/index5791.html]
[www.scullcom.uk/convert-240v-ac-pir-floodlight-to-12v-dc-led/_pinterest.html]
[www.scullcom.uk/index5fb3.html]
[www.scullcom.uk/design-build-a-milliohm-meter/_facebook.html]
[www.scullcom.uk/design-build-a-milliohm-meter/_twitter.html]
[www.scullcom.uk/design-build-a-milliohm-meter/_pinterest.html]
[www.scullcom.uk/design-build-a-milliohm-meter/indexa79a.html]
[www.scullcom.uk/design-build-a-milliohm-meter/indexdefb.html]
[www.scullcom.uk/design-build-a-milliohm-meter/index504c.html]
[www.scullcom.uk/design-build-a-milliohm-meter/index78b4.html]
[www.scullcom.uk/design-build-a-milliohm-meter/index9f18.html]
[www.scullcom.uk/design-build-a-milliohm-meter/index4cf3.html]
[www.scullcom.uk/design-build-a-milliohm-meter/index7714.html]
[www.scullcom.uk/design-build-a-milliohm-meter/indexe29b.html]
[www.scullcom.uk/design-build-a-milliohm-meter/index62de.html]
[www.scullcom.uk/index4034.html]
[www.scullcom.uk/design-building-a-precision-voltage-reference-box/_pinterest.html]
[www.scullcom.uk/design-building-a-precision-voltage-reference-box/indexa858.html]
[www.scullcom.uk/design-building-a-precision-voltage-reference-box/indexcc4b.html]
[www.scullcom.uk/design-building-a-precision-voltage-reference-box/index71ae.html]
[www.scullcom.uk/indexba52.html]
[www.scullcom.uk/39/_pinterest.html]
[www.scullcom.uk/39/index094c.html]
[www.scullcom.uk/indexdc22.html]
[www.scullcom.uk/dc-dc-boost-converter-test-review/_pinterest.html]
[www.scullcom.uk/index4170.html]
[www.scullcom.uk/peak-electronic-design-zener-diode-analyzer/_pinterest.html]
[www.scullcom.uk/indexa36b.html]
[www.scullcom.uk/keithley-225-current-source-review-teardown/_pinterest.html]
[www.scullcom.uk/keithley-225-current-source-review-teardown/indexb951.html]
[www.scullcom.uk/indexff23.html]
[www.scullcom.uk/time-electronics-404s-404n-dc-millivolt-source-teardown-review/_pinterest.html]
[www.scullcom.uk/time-electronics-404s-404n-dc-millivolt-source-teardown-review/index6944.html]
[www.scullcom.uk/time-electronics-404s-404n-dc-millivolt-source-teardown-review/index954a.html]
[www.scullcom.uk/index8e01.html]
[www.scullcom.uk/fluke-8842a-digital-multimeter-review-teardown/_pinterest.html]
[www.scullcom.uk/index7c2c.html]
[www.scullcom.uk/thurlby-1905a-intelligent-digital-multimeter-review-teardown/_pinterest.html]
[www.scullcom.uk/thurlby-1905a-intelligent-digital-multimeter-review-teardown/index7653.html]
[www.scullcom.uk/index48fd.html]
[www.scullcom.uk/datron-1065-autocal-digital-multimeter-review-teardown/_pinterest.html]
[www.scullcom.uk/indexc885.html]
[www.scullcom.uk/muirhead-d825g-decade-resistance-box-review-teardown/_pinterest.html]
[www.scullcom.uk/muirhead-d825g-decade-resistance-box-review-teardown/index39ab.html]
[www.scullcom.uk/index7ea6.html]
[www.scullcom.uk/philips-pm5127-function-generator-repair-teardown/_pinterest.html]
[www.scullcom.uk/indexe539.html]
[www.scullcom.uk/sinclair-digital-multimeter-pdm35-teardown-also-micronta/_pinterest.html]
[www.scullcom.uk/index0012.html]
[www.scullcom.uk/keithley-197-digital-multimeter/_pinterest.html]
[www.scullcom.uk/indexa09e.html]
[www.scullcom.uk/keithley-178-multimeter-teardown/_pinterest.html]
[www.scullcom.uk/indexb50d.html]
[www.scullcom.uk/keithley-168-multimeter-teardown/_pinterest.html]
[www.scullcom.uk/index1c00.html]
[www.scullcom.uk/making-your-own-pcb-the-easy-way/_pinterest.html]
[www.scullcom.uk/making-your-own-pcb-the-easy-way/index5dd2.html]
[www.scullcom.uk/indexfa80.html]
[www.scullcom.uk/operational-amplifier-op-amp/_facebook.html]
[www.scullcom.uk/operational-amplifier-op-amp/_twitter.html]
[www.scullcom.uk/operational-amplifier-op-amp/_pinterest.html]
[www.scullcom.uk/index905c.html]
[www.scullcom.uk/resistor-basics/_pinterest.html]
[www.scullcom.uk/wp-content/plugins/accesspress-social-share/css/fonts/fontawesome-webfontd41d.eot]
[www.scullcom.uk/wp-content/plugins/accesspress-social-share/css/fonts/fontawesome-webfont3e6e.woff2]
[www.scullcom.uk/wp-content/plugins/accesspress-social-share/css/fonts/fontawesome-webfont3e6e.woff]
[www.scullcom.uk/wp-content/plugins/accesspress-social-share/css/fonts/fontawesome-webfont3e6e.ttf]
[www.scullcom.uk/wp-content/plugins/accesspress-social-share/css/font-awesome/font-awesome.min8f76.css]
[www.scullcom.uk/wp-content/plugins/accesspress-social-share/fonts/MyriadPro-Regular.otf]
[www.scullcom.uk/wp-content/plugins/accesspress-social-share/fonts/MyriadPro-Regular.ttf]
[www.scullcom.uk/wp-content/plugins/accesspress-social-share/css/frontend8f76.css]
[www.scullcom.uk/wp-content/plugins/youtube-embed/css/main.min6959.css]
[www.scullcom.uk/wp-content/themes/sparkling/assets/fonts/glyphicons-halflings-regulard41d.eot]
[www.scullcom.uk/wp-content/themes/sparkling/assets/fonts/glyphicons-halflings-regular.woff2]
[www.scullcom.uk/wp-content/themes/sparkling/assets/fonts/glyphicons-halflings-regular.woff]
[www.scullcom.uk/wp-content/themes/sparkling/assets/fonts/glyphicons-halflings-regular.ttf]
[www.scullcom.uk/wp-content/themes/sparkling/assets/css/bootstrap.min6959.css]
[www.scullcom.uk/wp-content/themes/sparkling/assets/fonts/fontawesome-webfont3e6e.eot]
[www.scullcom.uk/wp-content/themes/sparkling/assets/fonts/fontawesome-webfontd41d.eot]
[www.scullcom.uk/wp-content/themes/sparkling/assets/fonts/fontawesome-webfont3e6e.woff2]
[www.scullcom.uk/wp-content/themes/sparkling/assets/fonts/fontawesome-webfont3e6e.woff]
[www.scullcom.uk/wp-content/themes/sparkling/assets/fonts/fontawesome-webfont3e6e.ttf]
[www.scullcom.uk/wp-content/themes/sparkling/assets/css/font-awesome.min6959.css]
[www.scullcom.uk/wp-content/themes/sparkling/style6959.css]
[www.scullcom.uk/wp-includes/js/jquery/jqueryb8ff.js]
[www.scullcom.uk/wp-includes/js/jquery/jquery-migrate.min330a.js]
[www.scullcom.uk/wp-content/themes/sparkling/assets/js/vendor/modernizr.min6959.js]
[www.scullcom.uk/function-generator-mk2/Popover requires tooltip.js]
[www.scullcom.uk/wp-content/themes/sparkling/assets/js/vendor/bootstrap.min6959.js]
[www.scullcom.uk/wp-content/themes/sparkling/assets/js/functions.min6959.js]
[www.scullcom.uk/author/louis/page/3/index.html]
[www.scullcom.uk/author/louis/page/4/index.html]
[www.scullcom.uk/index261b.html]
[www.scullcom.uk/keithley-175a-multimeter-review-teardown/_pinterest.html]
[www.scullcom.uk/index28c5.html]
[www.scullcom.uk/imax-b6ac-genuine-viz-fake-review-teardown/_pinterest.html]
[www.scullcom.uk/index5a24.html]
[www.scullcom.uk/drok-dc-to-dc-converter-upgrade/_pinterest.html]
[www.scullcom.uk/wp-content/plugins/accesspress-social-share/css/fonts/fontawesome-webfont3e6e.svg]
[www.scullcom.uk/wp-content/plugins/accesspress-social-share/fonts/MyriadPro-Regular.svg]
[www.scullcom.uk/wp-content/themes/sparkling/assets/fonts/glyphicons-halflings-regular.svg]
[www.scullcom.uk/wp-content/themes/sparkling/assets/fonts/fontawesome-webfont3e6e.svg]
[www.scullcom.uk/function-generator-mk2/Popover requires tooltip.html]
[s2.postimg.org/t5g4vi2kp/pcb1.png]
[s2.postimg.org/z7nrlzr0p/pcb2.png]
